Component: ARM Compiler 5.06 update 7 (build 960) Tool: armlink [4d3601]

==============================================================================

Section Cross References

    startup_stm32f429xx.o(STACK) refers (Special) to heapauxi.o(.text) for __use_two_region_memory
    startup_stm32f429xx.o(HEAP) refers (Special) to heapauxi.o(.text) for __use_two_region_memory
    startup_stm32f429xx.o(RESET) refers (Special) to heapauxi.o(.text) for __use_two_region_memory
    startup_stm32f429xx.o(RESET) refers to startup_stm32f429xx.o(STACK) for __initial_sp
    startup_stm32f429xx.o(RESET) refers to startup_stm32f429xx.o(.text) for Reset_Handler
    startup_stm32f429xx.o(RESET) refers to stm32f4xx_it.o(i.NMI_Handler) for NMI_Handler
    startup_stm32f429xx.o(RESET) refers to stm32f4xx_it.o(i.HardFault_Handler) for HardFault_Handler
    startup_stm32f429xx.o(RESET) refers to stm32f4xx_it.o(i.MemManage_Handler) for MemManage_Handler
    startup_stm32f429xx.o(RESET) refers to stm32f4xx_it.o(i.BusFault_Handler) for BusFault_Handler
    startup_stm32f429xx.o(RESET) refers to stm32f4xx_it.o(i.UsageFault_Handler) for UsageFault_Handler
    startup_stm32f429xx.o(RESET) refers to stm32f4xx_it.o(i.SVC_Handler) for SVC_Handler
    startup_stm32f429xx.o(RESET) refers to stm32f4xx_it.o(i.DebugMon_Handler) for DebugMon_Handler
    startup_stm32f429xx.o(RESET) refers to stm32f4xx_it.o(i.PendSV_Handler) for PendSV_Handler
    startup_stm32f429xx.o(RESET) refers to stm32f4xx_it.o(i.SysTick_Handler) for SysTick_Handler
    startup_stm32f429xx.o(RESET) refers to stm32f4xx_it.o(i.EXTI2_IRQHandler) for EXTI2_IRQHandler
    startup_stm32f429xx.o(RESET) refers to stm32f4xx_it.o(i.EXTI4_IRQHandler) for EXTI4_IRQHandler
    startup_stm32f429xx.o(RESET) refers to stm32f4xx_it.o(i.ADC_IRQHandler) for ADC_IRQHandler
    startup_stm32f429xx.o(RESET) refers to stm32f4xx_it.o(i.TIM1_BRK_TIM9_IRQHandler) for TIM1_BRK_TIM9_IRQHandler
    startup_stm32f429xx.o(RESET) refers to stm32f4xx_it.o(i.TIM1_UP_TIM10_IRQHandler) for TIM1_UP_TIM10_IRQHandler
    startup_stm32f429xx.o(RESET) refers to stm32f4xx_it.o(i.TIM1_TRG_COM_TIM11_IRQHandler) for TIM1_TRG_COM_TIM11_IRQHandler
    startup_stm32f429xx.o(RESET) refers to stm32f4xx_it.o(i.TIM1_CC_IRQHandler) for TIM1_CC_IRQHandler
    startup_stm32f429xx.o(RESET) refers to stm32f4xx_it.o(i.TIM2_IRQHandler) for TIM2_IRQHandler
    startup_stm32f429xx.o(RESET) refers to stm32f4xx_it.o(i.TIM3_IRQHandler) for TIM3_IRQHandler
    startup_stm32f429xx.o(RESET) refers to stm32f4xx_it.o(i.DMA2_Stream2_IRQHandler) for DMA2_Stream2_IRQHandler
    startup_stm32f429xx.o(RESET) refers to stm32f4xx_it.o(i.OTG_HS_IRQHandler) for OTG_HS_IRQHandler
    startup_stm32f429xx.o(.text) refers (Special) to heapauxi.o(.text) for __use_two_region_memory
    startup_stm32f429xx.o(.text) refers to system_stm32f4xx.o(i.SystemInit) for SystemInit
    startup_stm32f429xx.o(.text) refers to __main.o(!!!main) for __main
    startup_stm32f429xx.o(.text) refers to startup_stm32f429xx.o(HEAP) for Heap_Mem
    startup_stm32f429xx.o(.text) refers to startup_stm32f429xx.o(STACK) for Stack_Mem
    main.o(i.ConfigRXData) refers to _scanf_int.o(.text) for _scanf_int
    main.o(i.ConfigRXData) refers to _scanf_str.o(.text) for _scanf_string
    main.o(i.ConfigRXData) refers to _printf_percent.o(.ARM.Collect$$_printf_percent$$00000000) for _printf_percent
    main.o(i.ConfigRXData) refers to _printf_d.o(.ARM.Collect$$_printf_percent$$00000009) for _printf_d
    main.o(i.ConfigRXData) refers to _printf_dec.o(.text) for _printf_int_dec
    main.o(i.ConfigRXData) refers to rt_memclr.o(.text) for __aeabi_memclr
    main.o(i.ConfigRXData) refers to strcmpv7m.o(.text) for strcmp
    main.o(i.ConfigRXData) refers to main.o(i.SET_PNEUMATIC_VALVE) for SET_PNEUMATIC_VALVE
    main.o(i.ConfigRXData) refers to main.o(i.SET_STEPPER_STOP) for SET_STEPPER_STOP
    main.o(i.ConfigRXData) refers to main.o(i.SET_STEPPER_START) for SET_STEPPER_START
    main.o(i.ConfigRXData) refers to main.o(i.SET_HEATER_CONTROL) for SET_HEATER_CONTROL
    main.o(i.ConfigRXData) refers to strlen.o(.text) for strlen
    main.o(i.ConfigRXData) refers to usbd_cdc_if.o(i.CDC_Transmit_HS) for CDC_Transmit_HS
    main.o(i.ConfigRXData) refers to noretval__2snprintf.o(.text) for __2snprintf
    main.o(i.ConfigRXData) refers to main.o(i.Homing) for Homing
    main.o(i.ConfigRXData) refers to __0sscanf.o(.text) for __0sscanf
    main.o(i.ConfigRXData) refers to stm32f4xx_hal_tim.o(i.HAL_TIM_Base_Start_IT) for HAL_TIM_Base_Start_IT
    main.o(i.ConfigRXData) refers to main.o(.data) for .data
    main.o(i.ConfigRXData) refers to main.o(.bss) for .bss
    main.o(i.ConfigTXData) refers to strlen.o(.text) for strlen
    main.o(i.ConfigTXData) refers to usbd_cdc_if.o(i.CDC_Transmit_HS) for CDC_Transmit_HS
    main.o(i.DECELERATE_MOTOR) refers to stm32f4xx_hal.o(i.HAL_Delay) for HAL_Delay
    main.o(i.DECELERATE_MOTOR) refers to main.o(.bss) for .bss
[...]
    __rt_entry_sh                            0x08000289   Thumb Code     0  __rtentry4.o(.ARM.Collect$$rtentry$$00000004)
    __rt_entry_li                            0x0800028f   Thumb Code     0  __rtentry2.o(.ARM.Collect$$rtentry$$0000000A)
    __rt_entry_postsh_1                      0x0800028f   Thumb Code     0  __rtentry2.o(.ARM.Collect$$rtentry$$00000009)
    __rt_entry_main                          0x08000293   Thumb Code     0  __rtentry2.o(.ARM.Collect$$rtentry$$0000000D)
    __rt_entry_postli_1                      0x08000293   Thumb Code     0  __rtentry2.o(.ARM.Collect$$rtentry$$0000000C)
    __rt_exit                                0x0800029b   Thumb Code     0  rtexit.o(.ARM.Collect$$rtexit$$00000000)
    __rt_exit_ls                             0x0800029d   Thumb Code     0  rtexit2.o(.ARM.Collect$$rtexit$$00000003)
    __rt_exit_prels_1                        0x0800029d   Thumb Code     0  rtexit2.o(.ARM.Collect$$rtexit$$00000002)
    __rt_exit_exit                           0x080002a1   Thumb Code     0  rtexit2.o(.ARM.Collect$$rtexit$$00000004)
    Reset_Handler                            0x080002a9   Thumb Code     8  startup_stm32f429xx.o(.text)
    CAN1_RX0_IRQHandler                      0x080002c3   Thumb Code     0  startup_stm32f429xx.o(.text)
    CAN1_RX1_IRQHandler                      0x080002c3   Thumb Code     0  startup_stm32f429xx.o(.text)
    CAN1_SCE_IRQHandler                      0x080002c3   Thumb Code     0  startup_stm32f429xx.o(.text)
    CAN1_TX_IRQHandler                       0x080002c3   Thumb Code     0  startup_stm32f429xx.o(.text)
    CAN2_RX0_IRQHandler                      0x080002c3   Thumb Code     0  startup_stm32f429xx.o(.text)
    CAN2_RX1_IRQHandler                      0x080002c3   Thumb Code     0  startup_stm32f429xx.o(.text)
    CAN2_SCE_IRQHandler                      0x080002c3   Thumb Code     0  startup_stm32f429xx.o(.text)
    CAN2_TX_IRQHandler                       0x080002c3   Thumb Code     0  startup_stm32f429xx.o(.text)
    DCMI_IRQHandler                          0x080002c3   Thumb Code     0  startup_stm32f429xx.o(.text)
    DMA1_Stream0_IRQHandler                  0x080002c3   Thumb Code     0  startup_stm32f429xx.o(.text)
    DMA1_Stream1_IRQHandler                  0x080002c3   Thumb Code     0  startup_stm32f429xx.o(.text)
    DMA1_Stream2_IRQHandler                  0x080002c3   Thumb Code     0  startup_stm32f429xx.o(.text)
    DMA1_Stream3_IRQHandler                  0x080002c3   Thumb Code     0  startup_stm32f429xx.o(.text)
    DMA1_Stream4_IRQHandler                  0x080002c3   Thumb Code     0  startup_stm32f429xx.o(.text)
    DMA1_Stream5_IRQHandler                  0x080002c3   Thumb Code     0  startup_stm32f429xx.o(.text)
    DMA1_Stream6_IRQHandler                  0x080002c3   Thumb Code     0  startup_stm32f429xx.o(.text)
    DMA1_Stream7_IRQHandler                  0x080002c3   Thumb Code     0  startup_stm32f429xx.o(.text)
    DMA2D_IRQHandler                         0x080002c3   Thumb Code     0  startup_stm32f429xx.o(.text)
    DMA2_Stream0_IRQHandler                  0x080002c3   Thumb Code     0  startup_stm32f429xx.o(.text)
    DMA2_Stream1_IRQHandler                  0x080002c3   Thumb Code     0  startup_stm32f429xx.o(.text)
    DMA2_Stream3_IRQHandler                  0x080002c3   Thumb Code     0  startup_stm32f429xx.o(.text)
    DMA2_Stream4_IRQHandler                  0x080002c3   Thumb Code     0  startup_stm32f429xx.o(.text)
    DMA2_Stream5_IRQHandler                  0x080002c3   Thumb Code     0  startup_stm32f429xx.o(.text)
    DMA2_Stream6_IRQHandler                  0x080002c3   Thumb Code     0  startup_stm32f429xx.o(.text)
    DMA2_Stream7_IRQHandler                  0x080002c3   Thumb Code     0  startup_stm32f429xx.o(.text)
    ETH_IRQHandler                           0x080002c3   Thumb Code     0  startup_stm32f429xx.o(.text)
    ETH_WKUP_IRQHandler                      0x080002c3   Thumb Code     0  startup_stm32f429xx.o(.text)
    EXTI0_IRQHandler                         0x080002c3   Thumb Code     0  startup_stm32f429xx.o(.text)
    EXTI15_10_IRQHandler                     0x080002c3   Thumb Code     0  startup_stm32f429xx.o(.text)
    EXTI1_IRQHandler                         0x080002c3   Thumb Code     0  startup_stm32f429xx.o(.text)
    EXTI3_IRQHandler                         0x080002c3   Thumb Code     0  startup_stm32f429xx.o(.text)
    EXTI9_5_IRQHandler                       0x080002c3   Thumb Code     0  startup_stm32f429xx.o(.text)
    FLASH_IRQHandler                         0x080002c3   Thumb Code     0  startup_stm32f429xx.o(.text)
    FMC_IRQHandler                           0x080002c3   Thumb Code     0  startup_stm32f429xx.o(.text)
    FPU_IRQHandler                           0x080002c3   Thumb Code     0  startup_stm32f429xx.o(.text)
    HASH_RNG_IRQHandler                      0x080002c3   Thumb Code     0  startup_stm32f429xx.o(.text)
    I2C1_ER_IRQHandler                       0x080002c3   Thumb Code     0  startup_stm32f429xx.o(.text)
    I2C1_EV_IRQHandler                       0x080002c3   Thumb Code     0  startup_stm32f429xx.o(.text)
    I2C2_ER_IRQHandler                       0x080002c3   Thumb Code     0  startup_stm32f429xx.o(.text)
    I2C2_EV_IRQHandler                       0x080002c3   Thumb Code     0  startup_stm32f429xx.o(.text)
    I2C3_ER_IRQHandler                       0x080002c3   Thumb Code     0  startup_stm32f429xx.o(.text)
    I2C3_EV_IRQHandler                       0x080002c3   Thumb Code     0  startup_stm32f429xx.o(.text)
    LTDC_ER_IRQHandler                       0x080002c3   Thumb Code     0  startup_stm32f429xx.o(.text)
    LTDC_IRQHandler                          0x080002c3   Thumb Code     0  startup_stm32f429xx.o(.text)
    OTG_FS_IRQHandler                        0x080002c3   Thumb Code     0  startup_stm32f429xx.o(.text)
    OTG_FS_WKUP_IRQHandler                   0x080002c3   Thumb Code     0  startup_stm32f429xx.o(.text)
    OTG_HS_EP1_IN_IRQHandler                 0x080002c3   Thumb Code     0  startup_stm32f429xx.o(.text)
    OTG_HS_EP1_OUT_IRQHandler                0x080002c3   Thumb Code     0  startup_stm32f429xx.o(.text)
    OTG_HS_WKUP_IRQHandler                   0x080002c3   Thumb Code     0  startup_stm32f429xx.o(.text)
    PVD_IRQHandler                           0x080002c3   Thumb Code     0  startup_stm32f429xx.o(.text)
    RCC_IRQHandler                           0x080002c3   Thumb Code     0  startup_stm32f429xx.o(.text)
    RTC_Alarm_IRQHandler                     0x080002c3   Thumb Code     0  startup_stm32f429xx.o(.text)
    RTC_WKUP_IRQHandler                      0x080002c3   Thumb Code     0  startup_stm32f429xx.o(.text)
    SAI1_IRQHandler                          0x080002c3   Thumb Code     0  startup_stm32f429xx.o(.text)
    SDIO_IRQHandler                          0x080002c3   Thumb Code     0  startup_stm32f429xx.o(.text)
    SPI1_IRQHandler                          0x080002c3   Thumb Code     0  startup_stm32f429xx.o(.text)
    SPI2_IRQHandler                          0x080002c3   Thumb Code     0  startup_stm32f429xx.o(.text)
    SPI3_IRQHandler                          0x080002c3   Thumb Code     0  startup_stm32f429xx.o(.text)
    SPI4_IRQHandler                          0x080002c3   Thumb Code     0  startup_stm32f429xx.o(.text)
    SPI5_IRQHandler                          0x080002c3   Thumb Code     0  startup_stm32f429xx.o(.text)
    SPI6_IRQHandler                          0x080002c3   Thumb Code     0  startup_stm32f429xx.o(.text)
    TAMP_STAMP_IRQHandler                    0x080002c3   Thumb Code     0  startup_stm32f429xx.o(.text)
    TIM4_IRQHandler                          0x080002c3   Thumb Code     0  startup_stm32f429xx.o(.text)
    TIM5_IRQHandler                          0x080002c3   Thumb Code     0  startup_stm32f429xx.o(.text)
    TIM6_DAC_IRQHandler                      0x080002c3   Thumb Code     0  startup_stm32f429xx.o(.text)
    TIM7_IRQHandler                          0x080002c3   Thumb Code     0  startup_stm32f429xx.o(.text)
    TIM8_BRK_TIM12_IRQHandler                0x080002c3   Thumb Code     0  startup_stm32f429xx.o(.text)
    TIM8_CC_IRQHandler                       0x080002c3   Thumb Code     0  startup_stm32f429xx.o(.text)
    TIM8_TRG_COM_TIM14_IRQHandler            0x080002c3   Thumb Code     0  startup_stm32f429xx.o(.text)
    TIM8_UP_TIM13_IRQHandler                 0x080002c3   Thumb Code     0  startup_stm32f429xx.o(.text)
    UART4_IRQHandler                         0x080002c3   Thumb Code     0  startup_stm32f429xx.o(.text)
    UART5_IRQHandler                         0x080002c3   Thumb Code     0  startup_stm32f429xx.o(.text)
    UART7_IRQHandler                         0x080002c3   Thumb Code     0  startup_stm32f429xx.o(.text)
    UART8_IRQHandler                         0x080002c3   Thumb Code     0  startup_stm32f429xx.o(.text)
    USART1_IRQHandler                        0x080002c3   Thumb Code     0  startup_stm32f429xx.o(.text)
    USART2_IRQHandler                        0x080002c3   Thumb Code     0  startup_stm32f429xx.o(.text)
    USART3_IRQHandler                        0x080002c3   Thumb Code     0  startup_stm32f429xx.o(.text)
    USART6_IRQHandler                        0x080002c3   Thumb Code     0  startup_stm32f429xx.o(.text)
    WWDG_IRQHandler                          0x080002c3   Thumb Code     0  startup_stm32f429xx.o(.text)
    __user_initial_stackheap                 0x080002c5   Thumb Code     0  startup_stm32f429xx.o(.text)
    __aeabi_uldivmod                         0x080002e9   Thumb Code     0  lludivv7m.o(.text)
    _ll_udiv                                 0x080002e9   Thumb Code   238  lludivv7m.o(.text)
    __2snprintf                              0x080003d9   Thumb Code    48  noretval__2snprintf.o(.text)
    __printf                                 0x0800040d   Thumb Code   104  __printf.o(.text)
    _printf_int_dec                          0x08000475   Thumb Code   104  _printf_dec.o(.text)
    __0sscanf                                0x080004ed   Thumb Code    52  __0sscanf.o(.text)
    _scanf_int                               0x08000529   Thumb Code   332  _scanf_int.o(.text)
    _scanf_string                            0x08000675   Thumb Code   224  _scanf_str.o(.text)
    strlen                                   0x08000755   Thumb Code    62  strlen.o(.text)
    __aeabi_memcpy                           0x08000793   Thumb Code     0  rt_memcpy_v6.o(.text)
    __rt_memcpy                              0x08000793   Thumb Code   138  rt_memcpy_v6.o(.text)
    _memcpy_lastbytes                        0x080007f9   Thumb Code     0  rt_memcpy_v6.o(.text)
    __aeabi_memclr                           0x0800081d   Thumb Code     0  rt_memclr.o(.text)
    __rt_memclr                              0x0800081d   Thumb Code    68  rt_memclr.o(.text)
    _memset                                  0x08000821   Thumb Code     0  rt_memclr.o(.text)
    __aeabi_memclr4                          0x08000861   Thumb Code     0  rt_memclr_w.o(.text)
    __aeabi_memclr8                          0x08000861   Thumb Code     0  rt_memclr_w.o(.text)
    __rt_memclr_w                            0x08000861   Thumb Code    78  rt_memclr_w.o(.text)
    _memset_w                                0x08000865   Thumb Code     0  rt_memclr_w.o(.text)
    strcmp                                   0x080008b1   Thumb Code   128  strcmpv7m.o(.text)
    __use_two_region_memory                  0x08000931   Thumb Code     2  heapauxi.o(.text)
    __rt_heap_escrow$2region                 0x08000933   Thumb Code     2  heapauxi.o(.text)
    __rt_heap_expand$2region                 0x08000935   Thumb Code     2  heapauxi.o(.text)
    _printf_int_common                       0x08000937   Thumb Code   178  _printf_intcommon.o(.text)
    _printf_char_common                      0x080009f3   Thumb Code    32  _printf_char_common.o(.text)
    _sputc                                   0x08000a19   Thumb Code    10  _sputc.o(.text)
    _snputc                                  0x08000a23   Thumb Code    16  _snputc.o(.text)
    _chval                                   0x08000a33   Thumb Code    28  _chval.o(.text)
    __vfscanf_char                           0x08000a5d   Thumb Code    24  scanf_char.o(.text)
    _sgetc                                   0x08000a7d   Thumb Code    30  _sgetc.o(.text)
    _sbackspace                              0x08000a9b   Thumb Code    34  _sgetc.o(.text)
    __aeabi_memcpy4                          0x08000abd   Thumb Code     0  rt_memcpy_w.o(.text)
    __aeabi_memcpy8                          0x08000abd   Thumb Code     0  rt_memcpy_w.o(.text)
    __rt_memcpy_w                            0x08000abd   Thumb Code   100  rt_memcpy_w.o(.text)
    _memcpy_lastbytes_aligned                0x08000b05   Thumb Code     0  rt_memcpy_w.o(.text)
    isspace                                  0x08000b21   Thumb Code    18  isspace.o(.text)
    __vfscanf                                0x08000b35   Thumb Code   880  _scanf.o(.text)
    __user_setup_stackheap                   0x08000ea9   Thumb Code    74  sys_stackheap_outer.o(.text)
    __rt_ctype_table                         0x08000ef5   Thumb Code    16  rt_ctype_table.o(.text)
    exit                                     0x08000f05   Thumb Code    18  exit.o(.text)
    __user_libspace                          0x08000f19   Thumb Code     8  libspace.o(.text)
    __user_perproc_libspace                  0x08000f19   Thumb Code     0  libspace.o(.text)
    __user_perthread_libspace                0x08000f19   Thumb Code     0  libspace.o(.text)
    __rt_locale                              0x08000f21   Thumb Code     8  rt_locale_intlibspace.o(.text)
    _sys_exit                                0x08000f29   Thumb Code     8  sys_exit.o(.text)
    __I$use$semihosting                      0x08000f35   Thumb Code     0  use_no_semi.o(.text)
    __use_no_semihosting_swi                 0x08000f35   Thumb Code     2  use_no_semi.o(.text)
    __semihosting_library_function           0x08000f37   Thumb Code     0  indicate_semi.o(.text)
    ADC_IRQHandler                           0x08000f39   Thumb Code     6  stm32f4xx_it.o(i.ADC_IRQHandler)
    BusFault_Handler                         0x0800106d   Thumb Code     2  stm32f4xx_it.o(i.BusFault_Handler)
    CDC_Transmit_HS                          0x080010dd   Thumb Code    38  usbd_cdc_if.o(i.CDC_Transmit_HS)
    ConfigRXData                             0x08001109   Thumb Code   380  main.o(i.ConfigRXData)
    DMA2_Stream2_IRQHandler                  0x08001301   Thumb Code     6  stm32f4xx_it.o(i.DMA2_Stream2_IRQHandler)
    DebugMon_Handler                         0x08001389   Thumb Code     2  stm32f4xx_it.o(i.DebugMon_Handler)
    EXTI2_IRQHandler                         0x0800138b   Thumb Code     6  stm32f4xx_it.o(i.EXTI2_IRQHandler)
    EXTI4_IRQHandler                         0x08001391   Thumb Code     6  stm32f4xx_it.o(i.EXTI4_IRQHandler)
    Error_Handler                            0x08001397   Thumb Code     4  main.o(i.Error_Handler)
    HAL_ADCEx_InjectedConvCpltCallback       0x0800139b   Thumb Code     2  stm32f4xx_hal_adc_ex.o(i.HAL_ADCEx_InjectedConvCpltCallback)
    HAL_ADC_ConfigChannel                    0x0800139d   Thumb Code   334  stm32f4xx_hal_adc.o(i.HAL_ADC_ConfigChannel)
    HAL_ADC_ConvCpltCallback                 0x08001501   Thumb Code     2  stm32f4xx_hal_adc.o(i.HAL_ADC_ConvCpltCallback)
    HAL_ADC_ErrorCallback                    0x08001503   Thumb Code     2  stm32f4xx_hal_adc.o(i.HAL_ADC_ErrorCallback)
    HAL_ADC_IRQHandler                       0x08001505   Thumb Code   302  stm32f4xx_hal_adc.o(i.HAL_ADC_IRQHandler)
    HAL_ADC_Init                             0x08001633   Thumb Code    84  stm32f4xx_hal_adc.o(i.HAL_ADC_Init)
    HAL_ADC_LevelOutOfWindowCallback         0x08001687   Thumb Code     2  stm32f4xx_hal_adc.o(i.HAL_ADC_LevelOutOfWindowCallback)
    HAL_ADC_MspInit                          0x08001689   Thumb Code   150  stm32f4xx_hal_msp.o(i.HAL_ADC_MspInit)
    HAL_DMA_IRQHandler                       0x08001735   Thumb Code   412  stm32f4xx_hal_dma.o(i.HAL_DMA_IRQHandler)
    HAL_DMA_Init                             0x080018d5   Thumb Code   206  stm32f4xx_hal_dma.o(i.HAL_DMA_Init)
    HAL_Delay                                0x080019a9   Thumb Code    32  stm32f4xx_hal.o(i.HAL_Delay)
    HAL_GPIO_EXTI_Callback                   0x080019cd   Thumb Code   108  main.o(i.HAL_GPIO_EXTI_Callback)
    HAL_GPIO_EXTI_IRQHandler                 0x08001a49   Thumb Code    18  stm32f4xx_hal_gpio.o(i.HAL_GPIO_EXTI_IRQHandler)
    HAL_GPIO_Init                            0x08001a61   Thumb Code   510  stm32f4xx_hal_gpio.o(i.HAL_GPIO_Init)
    HAL_GPIO_TogglePin                       0x08001c95   Thumb Code    16  stm32f4xx_hal_gpio.o(i.HAL_GPIO_TogglePin)
    HAL_GPIO_WritePin                        0x08001ca5   Thumb Code    10  stm32f4xx_hal_gpio.o(i.HAL_GPIO_WritePin)
    HAL_GetTick                              0x08001cb1   Thumb Code     6  stm32f4xx_hal.o(i.HAL_GetTick)
    HAL_IncTick                              0x08001cbd   Thumb Code    12  stm32f4xx_hal.o(i.HAL_IncTick)
    HAL_Init                                 0x08001ccd   Thumb Code    48  stm32f4xx_hal.o(i.HAL_Init)
    HAL_InitTick                             0x08001d01   Thumb Code   134  stm32f4xx_hal_timebase_tim.o(i.HAL_InitTick)
    HAL_MspInit                              0x08001d99   Thumb Code    42  stm32f4xx_hal_msp.o(i.HAL_MspInit)
    HAL_NVIC_EnableIRQ                       0x08001dc9   Thumb Code    26  stm32f4xx_hal_cortex.o(i.HAL_NVIC_EnableIRQ)
    HAL_NVIC_SetPriority                     0x08001de5   Thumb Code    60  stm32f4xx_hal_cortex.o(i.HAL_NVIC_SetPriority)
    HAL_NVIC_SetPriorityGrouping             0x08001e25   Thumb Code    26  stm32f4xx_hal_cortex.o(i.HAL_NVIC_SetPriorityGrouping)
    HAL_PCDEx_LPM_Callback                   0x08001e49   Thumb Code     2  stm32f4xx_hal_pcd_ex.o(i.HAL_PCDEx_LPM_Callback)
    HAL_PCDEx_SetRxFiFo                      0x08001e4b   Thumb Code     8  stm32f4xx_hal_pcd_ex.o(i.HAL_PCDEx_SetRxFiFo)
    HAL_PCDEx_SetTxFiFo                      0x08001e53   Thumb Code    68  stm32f4xx_hal_pcd_ex.o(i.HAL_PCDEx_SetTxFiFo)
    HAL_PCD_ConnectCallback                  0x08001e97   Thumb Code     8  usbd_conf.o(i.HAL_PCD_ConnectCallback)
    HAL_PCD_DataInStageCallback              0x08001e9f   Thumb Code    18  usbd_conf.o(i.HAL_PCD_DataInStageCallback)
    HAL_PCD_DataOutStageCallback             0x08001eb1   Thumb Code    20  usbd_conf.o(i.HAL_PCD_DataOutStageCallback)
    HAL_PCD_DisconnectCallback               0x08001ec5   Thumb Code     8  usbd_conf.o(i.HAL_PCD_DisconnectCallback)
    HAL_PCD_EP_Abort                         0x08001ecd   Thumb Code    30  stm32f4xx_hal_pcd.o(i.HAL_PCD_EP_Abort)
    HAL_PCD_EP_Close                         0x08001eeb   Thumb Code    74  stm32f4xx_hal_pcd.o(i.HAL_PCD_EP_Close)
    HAL_PCD_EP_ClrStall                      0x08001f35   Thumb Code    90  stm32f4xx_hal_pcd.o(i.HAL_PCD_EP_ClrStall)
    HAL_PCD_EP_GetRxCount                    0x08001f8f   Thumb Code    18  stm32f4xx_hal_pcd.o(i.HAL_PCD_EP_GetRxCount)
    HAL_PCD_EP_Open                          0x08001fa1   Thumb Code    98  stm32f4xx_hal_pcd.o(i.HAL_PCD_EP_Open)
    HAL_PCD_EP_Receive                       0x08002003   Thumb Code    56  stm32f4xx_hal_pcd.o(i.HAL_PCD_EP_Receive)
    HAL_PCD_EP_SetStall                      0x0800203b   Thumb Code   114  stm32f4xx_hal_pcd.o(i.HAL_PCD_EP_SetStall)
    HAL_PCD_EP_Transmit                      0x080020ad   Thumb Code    50  stm32f4xx_hal_pcd.o(i.HAL_PCD_EP_Transmit)
    HAL_PCD_IRQHandler                       0x080020e1   Thumb Code  1372  stm32f4xx_hal_pcd.o(i.HAL_PCD_IRQHandler)
    HAL_PCD_ISOINIncompleteCallback          0x0800263d   Thumb Code     8  usbd_conf.o(i.HAL_PCD_ISOINIncompleteCallback)
    HAL_PCD_ISOOUTIncompleteCallback         0x08002645   Thumb Code     8  usbd_conf.o(i.HAL_PCD_ISOOUTIncompleteCallback)
    HAL_PCD_Init                             0x0800264d   Thumb Code   204  stm32f4xx_hal_pcd.o(i.HAL_PCD_Init)
    HAL_PCD_MspInit                          0x08002719   Thumb Code   106  usbd_conf.o(i.HAL_PCD_MspInit)
    HAL_PCD_ResetCallback                    0x08002791   Thumb Code    44  usbd_conf.o(i.HAL_PCD_ResetCallback)
    HAL_PCD_ResumeCallback                   0x080027bd   Thumb Code     8  usbd_conf.o(i.HAL_PCD_ResumeCallback)
    HAL_PCD_SOFCallback                      0x080027c5   Thumb Code     8  usbd_conf.o(i.HAL_PCD_SOFCallback)
    HAL_PCD_SetAddress                       0x080027cd   Thumb Code    38  stm32f4xx_hal_pcd.o(i.HAL_PCD_SetAddress)
    HAL_PCD_SetupStageCallback               0x080027f3   Thumb Code    14  usbd_conf.o(i.HAL_PCD_SetupStageCallback)
    HAL_PCD_Start                            0x08002801   Thumb Code    66  stm32f4xx_hal_pcd.o(i.HAL_PCD_Start)
    HAL_PCD_SuspendCallback                  0x08002845   Thumb Code    44  usbd_conf.o(i.HAL_PCD_SuspendCallback)
    HAL_RCC_ClockConfig                      0x08002875   Thumb Code   288  stm32f4xx_hal_rcc.o(i.HAL_RCC_ClockConfig)
    HAL_RCC_GetClockConfig                   0x080029a9   Thumb Code    54  stm32f4xx_hal_rcc.o(i.HAL_RCC_GetClockConfig)
    HAL_RCC_GetHCLKFreq                      0x080029e9   Thumb Code     6  stm32f4xx_hal_rcc.o(i.HAL_RCC_GetHCLKFreq)
    HAL_RCC_GetPCLK1Freq                     0x080029f5   Thumb Code    20  stm32f4xx_hal_rcc.o(i.HAL_RCC_GetPCLK1Freq)
    HAL_RCC_GetSysClockFreq                  0x08002a15   Thumb Code    88  stm32f4xx_hal_rcc.o(i.HAL_RCC_GetSysClockFreq)
    HAL_RCC_OscConfig                        0x08002a75   Thumb Code   856  stm32f4xx_hal_rcc.o(i.HAL_RCC_OscConfig)
    HAL_SPI_Init                             0x08002de1   Thumb Code   188  stm32f4xx_hal_spi.o(i.HAL_SPI_Init)
    HAL_SPI_MspInit                          0x08002e9d   Thumb Code    94  stm32f4xx_hal_msp.o(i.HAL_SPI_MspInit)
    HAL_TIMEx_BreakCallback                  0x08002f09   Thumb Code     2  stm32f4xx_hal_tim_ex.o(i.HAL_TIMEx_BreakCallback)
    HAL_TIMEx_CommutCallback                 0x08002f0b   Thumb Code     2  stm32f4xx_hal_tim_ex.o(i.HAL_TIMEx_CommutCallback)
    HAL_TIMEx_ConfigBreakDeadTime            0x08002f0d   Thumb Code    84  stm32f4xx_hal_tim_ex.o(i.HAL_TIMEx_ConfigBreakDeadTime)
    HAL_TIMEx_MasterConfigSynchronization    0x08002f61   Thumb Code   116  stm32f4xx_hal_tim_ex.o(i.HAL_TIMEx_MasterConfigSynchronization)
    HAL_TIM_Base_Init                        0x08002ff1   Thumb Code    90  stm32f4xx_hal_tim.o(i.HAL_TIM_Base_Init)
    HAL_TIM_Base_MspInit                     0x0800304d   Thumb Code   192  stm32f4xx_hal_msp.o(i.HAL_TIM_Base_MspInit)
    HAL_TIM_Base_Start_IT                    0x0800311d   Thumb Code   100  stm32f4xx_hal_tim.o(i.HAL_TIM_Base_Start_IT)
    HAL_TIM_Base_Stop_IT                     0x0800319d   Thumb Code    48  stm32f4xx_hal_tim.o(i.HAL_TIM_Base_Stop_IT)
    HAL_TIM_ConfigClockSource                0x080031cd   Thumb Code   220  stm32f4xx_hal_tim.o(i.HAL_TIM_ConfigClockSource)
    HAL_TIM_IC_CaptureCallback               0x080032a9   Thumb Code     2  stm32f4xx_hal_tim.o(i.HAL_TIM_IC_CaptureCallback)
    HAL_TIM_IC_ConfigChannel                 0x080032ab   Thumb Code   292  stm32f4xx_hal_tim.o(i.HAL_TIM_IC_ConfigChannel)
    HAL_TIM_IC_Init                          0x080033cf   Thumb Code    90  stm32f4xx_hal_tim.o(i.HAL_TIM_IC_Init)
    HAL_TIM_IC_MspInit                       0x08003429   Thumb Code     2  stm32f4xx_hal_tim.o(i.HAL_TIM_IC_MspInit)
    HAL_TIM_IRQHandler                       0x0800342b   Thumb Code   304  stm32f4xx_hal_tim.o(i.HAL_TIM_IRQHandler)
    HAL_TIM_MspPostInit                      0x0800355d   Thumb Code    72  stm32f4xx_hal_msp.o(i.HAL_TIM_MspPostInit)
    HAL_TIM_OC_DelayElapsedCallback          0x080035b1   Thumb Code     2  stm32f4xx_hal_tim.o(i.HAL_TIM_OC_DelayElapsedCallback)
    HAL_TIM_PWM_ConfigChannel                0x080035b3   Thumb Code   204  stm32f4xx_hal_tim.o(i.HAL_TIM_PWM_ConfigChannel)
    HAL_TIM_PWM_Init                         0x0800367f   Thumb Code    90  stm32f4xx_hal_tim.o(i.HAL_TIM_PWM_Init)
    HAL_TIM_PWM_MspInit                      0x080036d9   Thumb Code     2  stm32f4xx_hal_tim.o(i.HAL_TIM_PWM_MspInit)
    HAL_TIM_PWM_PulseFinishedCallback        0x080036db   Thumb Code     2  stm32f4xx_hal_tim.o(i.HAL_TIM_PWM_PulseFinishedCallback)
    HAL_TIM_PWM_Start                        0x080036dd   Thumb Code   172  stm32f4xx_hal_tim.o(i.HAL_TIM_PWM_Start)
    HAL_TIM_PWM_Stop                         0x080037a5   Thumb Code   114  stm32f4xx_hal_tim.o(i.HAL_TIM_PWM_Stop)
    HAL_TIM_PeriodElapsedCallback            0x08003821   Thumb Code   564  main.o(i.HAL_TIM_PeriodElapsedCallback)
    HAL_TIM_TriggerCallback                  0x08003a71   Thumb Code     2  stm32f4xx_hal_tim.o(i.HAL_TIM_TriggerCallback)
    HardFault_Handler                        0x08003a73   Thumb Code     2  stm32f4xx_it.o(i.HardFault_Handler)
    Homing                                   0x08003a75   Thumb Code    34  main.o(i.Homing)
    MX_USB_DEVICE_Init                       0x08003ec1   Thumb Code    66  usb_device.o(i.MX_USB_DEVICE_Init)
    MemManage_Handler                        0x08003f15   Thumb Code     2  stm32f4xx_it.o(i.MemManage_Handler)
    NMI_Handler                              0x08003f17   Thumb Code     2  stm32f4xx_it.o(i.NMI_Handler)
    OTG_HS_IRQHandler                        0x08003f19   Thumb Code     6  stm32f4xx_it.o(i.OTG_HS_IRQHandler)
    PendSV_Handler                           0x08004093   Thumb Code     2  stm32f4xx_it.o(i.PendSV_Handler)
    SET_HEATER_CONTROL                       0x08004095   Thumb Code    10  main.o(i.SET_HEATER_CONTROL)
    SET_MOTOR_SPEED                          0x080040a5   Thumb Code    50  main.o(i.SET_MOTOR_SPEED)
    SET_PNEUMATIC_VALVE                      0x080040e9   Thumb Code    12  main.o(i.SET_PNEUMATIC_VALVE)
    SET_STEPPER_START                        0x080040f9   Thumb Code    54  main.o(i.SET_STEPPER_START)
    SET_STEPPER_STOP                         0x08004139   Thumb Code    26  main.o(i.SET_STEPPER_STOP)
    SVC_Handler                              0x0800415d   Thumb Code     2  stm32f4xx_it.o(i.SVC_Handler)
    SysTick_Handler                          0x08004169   Thumb Code     2  stm32f4xx_it.o(i.SysTick_Handler)
    SystemClock_Config                       0x0800416d   Thumb Code   140  main.o(i.SystemClock_Config)
    SystemInit                               0x08004201   Thumb Code    12  system_stm32f4xx.o(i.SystemInit)
    TIM1_BRK_TIM9_IRQHandler                 0x08004211   Thumb Code     6  stm32f4xx_it.o(i.TIM1_BRK_TIM9_IRQHandler)
    TIM1_CC_IRQHandler                       0x0800421d   Thumb Code     6  stm32f4xx_it.o(i.TIM1_CC_IRQHandler)
    TIM1_TRG_COM_TIM11_IRQHandler            0x08004229   Thumb Code     6  stm32f4xx_it.o(i.TIM1_TRG_COM_TIM11_IRQHandler)
    TIM1_UP_TIM10_IRQHandler                 0x08004235   Thumb Code     6  stm32f4xx_it.o(i.TIM1_UP_TIM10_IRQHandler)
    TIM2_IRQHandler                          0x08004241   Thumb Code     6  stm32f4xx_it.o(i.TIM2_IRQHandler)
    TIM3_IRQHandler                          0x0800424d   Thumb Code     6  stm32f4xx_it.o(i.TIM3_IRQHandler)
    TIM_Base_SetConfig                       0x08004259   Thumb Code   170  stm32f4xx_hal_tim.o(i.TIM_Base_SetConfig)
    TIM_CCxChannelCmd                        0x08004331   Thumb Code    26  stm32f4xx_hal_tim.o(i.TIM_CCxChannelCmd)
    TIM_ETR_SetConfig                        0x0800434b   Thumb Code    20  stm32f4xx_hal_tim.o(i.TIM_ETR_SetConfig)
    TIM_OC2_SetConfig                        0x080043d1   Thumb Code    98  stm32f4xx_hal_tim.o(i.TIM_OC2_SetConfig)
    TIM_TI1_SetConfig                        0x08004519   Thumb Code   100  stm32f4xx_hal_tim.o(i.TIM_TI1_SetConfig)
    USBD_CDC_GetDeviceQualifierDescriptor    0x0800476d   Thumb Code     8  usbd_cdc.o(i.USBD_CDC_GetDeviceQualifierDescriptor)
    USBD_CDC_ReceivePacket                   0x08004949   Thumb Code    50  usbd_cdc.o(i.USBD_CDC_ReceivePacket)
    USBD_CDC_RegisterInterface               0x08004981   Thumb Code    22  usbd_cdc.o(i.USBD_CDC_RegisterInterface)
    USBD_CDC_SetRxBuffer                     0x08004997   Thumb Code    26  usbd_cdc.o(i.USBD_CDC_SetRxBuffer)
    USBD_CDC_SetTxBuffer                     0x080049b1   Thumb Code    30  usbd_cdc.o(i.USBD_CDC_SetTxBuffer)
    USBD_CDC_TransmitPacket                  0x08004aa5   Thumb Code    76  usbd_cdc.o(i.USBD_CDC_TransmitPacket)
    USBD_ClrClassConfig                      0x08004af5   Thumb Code    20  usbd_core.o(i.USBD_ClrClassConfig)
    USBD_CoreFindEP                          0x08004b09   Thumb Code     4  usbd_core.o(i.USBD_CoreFindEP)
    USBD_CoreFindIF                          0x08004b0d   Thumb Code     4  usbd_core.o(i.USBD_CoreFindIF)
    USBD_CtlContinueRx                       0x08004b11   Thumb Code    16  usbd_ioreq.o(i.USBD_CtlContinueRx)
    USBD_CtlContinueSendData                 0x08004b21   Thumb Code    16  usbd_ioreq.o(i.USBD_CtlContinueSendData)
    USBD_CtlError                            0x08004b31   Thumb Code    22  usbd_ctlreq.o(i.USBD_CtlError)
    USBD_CtlPrepareRx                        0x08004b47   Thumb Code    30  usbd_ioreq.o(i.USBD_CtlPrepareRx)
    USBD_CtlReceiveStatus                    0x08004b65   Thumb Code    22  usbd_ioreq.o(i.USBD_CtlReceiveStatus)
    USBD_CtlSendData                         0x08004b7b   Thumb Code    26  usbd_ioreq.o(i.USBD_CtlSendData)
    USBD_CtlSendStatus                       0x08004b95   Thumb Code    22  usbd_ioreq.o(i.USBD_CtlSendStatus)
    USBD_GetEpDesc                           0x08004c91   Thumb Code    58  usbd_core.o(i.USBD_GetEpDesc)
    USBD_GetNextDesc                         0x08004cdf   Thumb Code    14  usbd_core.o(i.USBD_GetNextDesc)
    USBD_GetString                           0x08004ced   Thumb Code    78  usbd_ctlreq.o(i.USBD_GetString)
    USBD_Get_USB_Status                      0x08004d3b   Thumb Code    24  usbd_conf.o(i.USBD_Get_USB_Status)
    USBD_HS_ConfigStrDescriptor              0x08004d55   Thumb Code    16  usbd_desc.o(i.USBD_HS_ConfigStrDescriptor)
    USBD_HS_DeviceDescriptor                 0x08004d75   Thumb Code     8  usbd_desc.o(i.USBD_HS_DeviceDescriptor)
    USBD_HS_InterfaceStrDescriptor           0x08004d81   Thumb Code    16  usbd_desc.o(i.USBD_HS_InterfaceStrDescriptor)
    USBD_HS_LangIDStrDescriptor              0x08004da5   Thumb Code     8  usbd_desc.o(i.USBD_HS_LangIDStrDescriptor)
    USBD_HS_ManufacturerStrDescriptor        0x08004db1   Thumb Code    16  usbd_desc.o(i.USBD_HS_ManufacturerStrDescriptor)
    USBD_HS_ProductStrDescriptor             0x08004dd9   Thumb Code    16  usbd_desc.o(i.USBD_HS_ProductStrDescriptor)
    USBD_HS_SerialStrDescriptor              0x08004e01   Thumb Code    48  usbd_desc.o(i.USBD_HS_SerialStrDescriptor)
    USBD_Init                                0x08004e39   Thumb Code    38  usbd_core.o(i.USBD_Init)
    USBD_LL_ClearStallEP                     0x08004e5f   Thumb Code    18  usbd_conf.o(i.USBD_LL_ClearStallEP)
    USBD_LL_CloseEP                          0x08004e71   Thumb Code    18  usbd_conf.o(i.USBD_LL_CloseEP)
    USBD_LL_DataInStage                      0x08004e83   Thumb Code   182  usbd_core.o(i.USBD_LL_DataInStage)
    USBD_LL_DataOutStage                     0x08004f39   Thumb Code   142  usbd_core.o(i.USBD_LL_DataOutStage)
    USBD_LL_DevConnected                     0x08004fc7   Thumb Code     4  usbd_core.o(i.USBD_LL_DevConnected)
    USBD_LL_DevDisconnected                  0x08004fcb   Thumb Code    30  usbd_core.o(i.USBD_LL_DevDisconnected)
    USBD_LL_GetRxDataSize                    0x08004fe9   Thumb Code     8  usbd_conf.o(i.USBD_LL_GetRxDataSize)
    USBD_LL_Init                             0x08004ff1   Thumb Code    98  usbd_conf.o(i.USBD_LL_Init)
    USBD_LL_IsStallEP                        0x0800505d   Thumb Code    30  usbd_conf.o(i.USBD_LL_IsStallEP)
    USBD_LL_IsoINIncomplete                  0x0800507b   Thumb Code    40  usbd_core.o(i.USBD_LL_IsoINIncomplete)
    USBD_LL_IsoOUTIncomplete                 0x080050a3   Thumb Code    40  usbd_core.o(i.USBD_LL_IsoOUTIncomplete)
    USBD_LL_OpenEP                           0x080050cb   Thumb Code    24  usbd_conf.o(i.USBD_LL_OpenEP)
    USBD_LL_PrepareReceive                   0x080050e3   Thumb Code    18  usbd_conf.o(i.USBD_LL_PrepareReceive)
    USBD_LL_Reset                            0x080050f5   Thumb Code    92  usbd_core.o(i.USBD_LL_Reset)
    USBD_LL_Resume                           0x08005151   Thumb Code    20  usbd_core.o(i.USBD_LL_Resume)
    USBD_LL_SOF                              0x08005165   Thumb Code    26  usbd_core.o(i.USBD_LL_SOF)
    USBD_LL_SetSpeed                         0x0800517f   Thumb Code     6  usbd_core.o(i.USBD_LL_SetSpeed)
    USBD_LL_SetUSBAddress                    0x08005185   Thumb Code    18  usbd_conf.o(i.USBD_LL_SetUSBAddress)
    USBD_LL_SetupStage                       0x08005197   Thumb Code    96  usbd_core.o(i.USBD_LL_SetupStage)
    USBD_LL_StallEP                          0x080051f7   Thumb Code    18  usbd_conf.o(i.USBD_LL_StallEP)
    USBD_LL_Start                            0x08005209   Thumb Code    18  usbd_conf.o(i.USBD_LL_Start)
    USBD_LL_Suspend                          0x0800521b   Thumb Code    26  usbd_core.o(i.USBD_LL_Suspend)
    USBD_LL_Transmit                         0x08005235   Thumb Code    18  usbd_conf.o(i.USBD_LL_Transmit)
    USBD_ParseSetupRequest                   0x08005247   Thumb Code    44  usbd_ctlreq.o(i.USBD_ParseSetupRequest)
    USBD_RegisterClass                       0x08005273   Thumb Code    58  usbd_core.o(i.USBD_RegisterClass)
    USBD_SetClassConfig                      0x080052ad   Thumb Code    20  usbd_core.o(i.USBD_SetClassConfig)
    USBD_Start                               0x08005379   Thumb Code     4  usbd_core.o(i.USBD_Start)
    USBD_StdDevReq                           0x0800537d   Thumb Code   300  usbd_ctlreq.o(i.USBD_StdDevReq)
    USBD_StdEPReq                            0x080054a9   Thumb Code   352  usbd_ctlreq.o(i.USBD_StdEPReq)
    USBD_StdItfReq                           0x08005609   Thumb Code   114  usbd_ctlreq.o(i.USBD_StdItfReq)
    USBD_static_free                         0x0800567b   Thumb Code     2  usbd_conf.o(i.USBD_static_free)
    USBD_static_malloc                       0x0800567d   Thumb Code     4  usbd_conf.o(i.USBD_static_malloc)
    USB_ActivateEndpoint                     0x08005685   Thumb Code   122  stm32f4xx_ll_usb.o(i.USB_ActivateEndpoint)
    USB_ActivateSetup                        0x08005705   Thumb Code    28  stm32f4xx_ll_usb.o(i.USB_ActivateSetup)
    USB_CoreInit                             0x08005721   Thumb Code   126  stm32f4xx_ll_usb.o(i.USB_CoreInit)
    USB_DeactivateEndpoint                   0x080057e1   Thumb Code   194  stm32f4xx_ll_usb.o(i.USB_DeactivateEndpoint)
    USB_DevConnect                           0x080058ad   Thumb Code    28  stm32f4xx_ll_usb.o(i.USB_DevConnect)
    USB_DevDisconnect                        0x080058c9   Thumb Code    28  stm32f4xx_ll_usb.o(i.USB_DevDisconnect)
    USB_DevInit                              0x080058e5   Thumb Code   370  stm32f4xx_ll_usb.o(i.USB_DevInit)
    USB_DisableGlobalInt                     0x08005a61   Thumb Code    12  stm32f4xx_ll_usb.o(i.USB_DisableGlobalInt)
    USB_EP0_OutStart                         0x08005a6d   Thumb Code    84  stm32f4xx_ll_usb.o(i.USB_EP0_OutStart)
    USB_EPClearStall                         0x08005ac5   Thumb Code    88  stm32f4xx_ll_usb.o(i.USB_EPClearStall)
    USB_EPSetStall                           0x08005b1d   Thumb Code    88  stm32f4xx_ll_usb.o(i.USB_EPSetStall)
    USB_EPStartXfer                          0x08005b75   Thumb Code   562  stm32f4xx_ll_usb.o(i.USB_EPStartXfer)
    USB_EPStopXfer                           0x08005dad   Thumb Code   158  stm32f4xx_ll_usb.o(i.USB_EPStopXfer)
    USB_EnableGlobalInt                      0x08005e4b   Thumb Code    12  stm32f4xx_ll_usb.o(i.USB_EnableGlobalInt)
    USB_FlushRxFifo                          0x08005e57   Thumb Code    56  stm32f4xx_ll_usb.o(i.USB_FlushRxFifo)
    USB_FlushTxFifo                          0x08005e8f   Thumb Code    60  stm32f4xx_ll_usb.o(i.USB_FlushTxFifo)
    USB_GetDevSpeed                          0x08005ecb   Thumb Code    26  stm32f4xx_ll_usb.o(i.USB_GetDevSpeed)
    USB_GetMode                              0x08005ee5   Thumb Code     8  stm32f4xx_ll_usb.o(i.USB_GetMode)
    USB_ReadDevAllInEpInterrupt              0x08005eed   Thumb Code    14  stm32f4xx_ll_usb.o(i.USB_ReadDevAllInEpInterrupt)
    USB_ReadDevAllOutEpInterrupt             0x08005efb   Thumb Code    14  stm32f4xx_ll_usb.o(i.USB_ReadDevAllOutEpInterrupt)
    USB_ReadDevInEPInterrupt                 0x08005f09   Thumb Code    36  stm32f4xx_ll_usb.o(i.USB_ReadDevInEPInterrupt)
    USB_ReadDevOutEPInterrupt                0x08005f2d   Thumb Code    16  stm32f4xx_ll_usb.o(i.USB_ReadDevOutEPInterrupt)
    USB_ReadInterrupts                       0x08005f3d   Thumb Code     8  stm32f4xx_ll_usb.o(i.USB_ReadInterrupts)
    USB_ReadPacket                           0x08005f45   Thumb Code    62  stm32f4xx_ll_usb.o(i.USB_ReadPacket)
    USB_SetCurrentMode                       0x08005f83   Thumb Code    92  stm32f4xx_ll_usb.o(i.USB_SetCurrentMode)
    USB_SetDevAddress                        0x08005fdf   Thumb Code    34  stm32f4xx_ll_usb.o(i.USB_SetDevAddress)
    USB_SetTurnaroundTime                    0x08006001   Thumb Code   158  stm32f4xx_ll_usb.o(i.USB_SetTurnaroundTime)
    USB_WritePacket                          0x080060e9   Thumb Code    40  stm32f4xx_ll_usb.o(i.USB_WritePacket)
    UsageFault_Handler                       0x08006111   Thumb Code     2  stm32f4xx_it.o(i.UsageFault_Handler)
    main                                     0x08006135   Thumb Code    90  main.o(i.main)
    _get_lc_ctype                            0x08006199   Thumb Code    44  lc_ctype_c.o(locale$$code)
    _fp_init                                 0x080061c5   Thumb Code    10  fpinit.o(x$fpl$fpinit)
    __fplib_config_fpu_vfp                   0x080061cd   Thumb Code     0  fpinit.o(x$fpl$fpinit)
    __fplib_config_pureend_doubles           0x080061cd   Thumb Code     0  fpinit.o(x$fpl$fpinit)
    AHBPrescTable                            0x080061d6   Data          16  system_stm32f4xx.o(.constdata)
    APBPrescTable                            0x080061e6   Data           8  system_stm32f4xx.o(.constdata)
    Region$$Table$$Base                      0x08006220   Number         0  anon$$obj.o(Region$$Table)
    Region$$Table$$Limit                     0x08006240   Number         0  anon$$obj.o(Region$$Table)
    __ctype                                  0x0800624d   Data           0  lc_ctype_c.o(locale$$data)
    insertion                                0x20000000   Data           1  main.o(.data)
    retraction                               0x20000001   Data           1  main.o(.data)
    total_distance                           0x20000002   Data           1  main.o(.data)
    abc                                      0x20000003   Data           1  main.o(.data)
    limit_switch_flag                        0x20000004   Data           1  main.o(.data)
    count                                    0x20000005   Data           1  main.o(.data)
    task                                     0x20000006   Data           1  main.o(.data)
    ev                                       0x20000007   Data           1  main.o(.data)
    update_dist                              0x20000008   Data           1  main.o(.data)
    sum_intterupt                            0x2000000a   Data           2  main.o(.data)
    Total_interrupt                          0x2000000c   Data           2  main.o(.data)
    distance                                 0x2000000e   Data           2  main.o(.data)
    interrupt_per_mm                         0x20000010   Data           2  main.o(.data)
    a                                        0x20000012   Data           2  main.o(.data)
    Interrupt_Tim2                           0x20000014   Data           2  main.o(.data)
    rxFlag                                   0x20000018   Data           4  main.o(.data)
    Process                                  0x2000001c   Data           4  main.o(.data)
    sfeedback                                0x20000020   Data           4  main.o(.data)
    pfeedback                                0x20000024   Data           4  main.o(.data)
    rfeedback                                0x20000028   Data           4  main.o(.data)
    nfeedback                                0x2000002c   Data           4  main.o(.data)
    Total_Steps                              0x20000030   Data           4  main.o(.data)
    xtemp                                    0x20000034   Data           4  main.o(.data)
    temp                                     0x20000038   Data           4  main.o(.data)
    xforce                                   0x2000003c   Data           4  main.o(.data)
    force                                    0x20000040   Data           4  main.o(.data)
    set_force                                0x20000044   Data           4  main.o(.data)
    set_length                               0x20000048   Data           4  main.o(.data)
    dist                                     0x2000004c   Data           4  main.o(.data)
    set_speed                                0x20000050   Data           4  main.o(.data)
    speed                                    0x20000054   Data           4  main.o(.data)
    dir                                      0x20000058   Data           4  main.o(.data)
    steps_per_sec                            0x2000005c   Data           4  main.o(.data)
    Hom                                      0x20000060   Data           4  main.o(.data)
    HS_Desc                                  0x20000064   Data          28  usbd_desc.o(.data)
    USBD_LangIDDesc                          0x20000080   Data           4  usbd_desc.o(.data)
    USBD_HS_DeviceDesc                       0x20000084   Data          18  usbd_desc.o(.data)
    USBD_StringSerial                        0x20000098   Data          26  usbd_desc.o(.data)
    USBD_Interface_fops_HS                   0x200000b4   Data          20  usbd_cdc_if.o(.data)
    uwTickFreq                               0x200000c8   Data           1  stm32f4xx_hal.o(.data)
    uwTickPrio                               0x200000cc   Data           4  stm32f4xx_hal.o(.data)
    uwTick                                   0x200000d0   Data           4  stm32f4xx_hal.o(.data)
    SystemCoreClock                          0x200000d4   Data           4  system_stm32f4xx.o(.data)
    USBD_CDC                                 0x20000130   Data          56  usbd_cdc.o(.data)
    buffer                                   0x20000168   Data          50  main.o(.bss)
    rxData                                   0x2000019a   Data          50  main.o(.bss)
    disttotal                                0x200001cc   Data          25  main.o(.bss)
    hadc2                                    0x200001e8   Data          72  main.o(.bss)
    hadc3                                    0x20000230   Data          72  main.o(.bss)
    hspi3                                    0x20000278   Data          88  main.o(.bss)
    htim1                                    0x200002d0   Data          72  main.o(.bss)
    htim3                                    0x20000318   Data          72  main.o(.bss)
    hdma_adc2                                0x20000360   Data          96  main.o(.bss)
    htim2                                    0x200003c0   Data          72  stm32f4xx_hal_timebase_tim.o(.bss)
    hUsbDeviceHS                             0x20000408   Data         732  usb_device.o(.bss)
    USBD_StrDesc                             0x200006e4   Data         512  usbd_desc.o(.bss)
    UserRxBufferHS                           0x200008e4   Data        2048  usbd_cdc_if.o(.bss)
    UserTxBufferHS                           0x200010e4   Data        2048  usbd_cdc_if.o(.bss)
    hpcd_USB_OTG_HS                          0x20001b04   Data        1252  usbd_conf.o(.bss)
    __libspace_start                         0x20001fe8   Data          96  libspace.o(.bss)
    __temporary_stack_top$libspace           0x20002048   Data           0  libspace.o(.bss)



==============================================================================

Memory Map of the image

  Image Entry point : 0x080001ad

  Load Region LR_IROM1 (Base: 0x08000000, Size: 0x000064b8, Max: 0x00200000, ABSOLUTE, COMPRESSED[0x0000641c])

    Execution Region ER_IROM1 (Exec base: 0x08000000, Load base: 0x08000000, Size: 0x00006350, Max: 0x00200000, ABSOLUTE)

    Exec Addr    Load Addr    Size         Type   Attr      Idx    E Section Name        Object

    0x08000000   0x08000000   0x000001ac   Data   RO            3    RESET               startup_stm32f429xx.o
    0x080001ac   0x080001ac   0x00000008   Code   RO         4842  * !!!main             c_w.l(__main.o)
    0x080001b4   0x080001b4   0x00000034   Code   RO         5077    !!!scatter          c_w.l(__scatter.o)
    0x080001e8   0x080001e8   0x0000005a   Code   RO         5075    !!dczerorl2         c_w.l(__dczerorl2.o)
    0x08000242   0x08000242   0x00000002   PAD
    0x08000244   0x08000244   0x0000001c   Code   RO         5079    !!handler_zi        c_w.l(__scatter_zi.o)
    0x08000260   0x08000260   0x00000000   Code   RO         4823    .ARM.Collect$$_printf_percent$$00000000  c_w.l(_printf_percent.o)
    0x08000260   0x08000260   0x00000006   Code   RO         4822    .ARM.Collect$$_printf_percent$$00000009  c_w.l(_printf_d.o)
    0x08000266   0x08000266   0x00000004   Code   RO         4879    .ARM.Collect$$_printf_percent$$00000017  c_w.l(_printf_percent_end.o)
    0x0800026a   0x0800026a   0x00000002   Code   RO         4935    .ARM.Collect$$libinit$$00000000  c_w.l(libinit.o)
    0x0800026c   0x0800026c   0x00000004   Code   RO         4955    .ARM.Collect$$libinit$$00000001  c_w.l(libinit2.o)
    0x08000270   0x08000270   0x00000000   Code   RO         4958    .ARM.Collect$$libinit$$00000004  c_w.l(libinit2.o)
    0x08000270   0x08000270   0x00000000   Code   RO         4961    .ARM.Collect$$libinit$$0000000A  c_w.l(libinit2.o)
    0x08000270   0x08000270   0x00000000   Code   RO         4963    .ARM.Collect$$libinit$$0000000C  c_w.l(libinit2.o)
    0x08000270   0x08000270   0x00000000   Code   RO         4965    .ARM.Collect$$libinit$$0000000E  c_w.l(libinit2.o)
    0x08000270   0x08000270   0x00000006   Code   RO         4966    .ARM.Collect$$libinit$$0000000F  c_w.l(libinit2.o)
    0x08000276   0x08000276   0x00000000   Code   RO         4968    .ARM.Collect$$libinit$$00000011  c_w.l(libinit2.o)
    0x08000276   0x08000276   0x0000000c   Code   RO         4969    .ARM.Collect$$libinit$$00000012  c_w.l(libinit2.o)
    0x08000282   0x08000282   0x00000000   Code   RO         4970    .ARM.Collect$$libinit$$00000013  c_w.l(libinit2.o)
    0x08000282   0x08000282   0x00000000   Code   RO         4972    .ARM.Collect$$libinit$$00000015  c_w.l(libinit2.o)
    0x08000282   0x08000282   0x00000000   Code   RO         4974    .ARM.Collect$$libinit$$00000017  c_w.l(libinit2.o)
    0x08000282   0x08000282   0x00000000   Code   RO         4976    .ARM.Collect$$libinit$$00000019  c_w.l(libinit2.o)
    0x08000282   0x08000282   0x00000000   Code   RO         4978    .ARM.Collect$$libinit$$0000001B  c_w.l(libinit2.o)
    0x08000282   0x08000282   0x00000000   Code   RO         4980    .ARM.Collect$$libinit$$0000001D  c_w.l(libinit2.o)
    0x08000282   0x08000282   0x00000000   Code   RO         4982    .ARM.Collect$$libinit$$0000001F  c_w.l(libinit2.o)
    0x08000282   0x08000282   0x00000000   Code   RO         4984    .ARM.Collect$$libinit$$00000021  c_w.l(libinit2.o)
    0x08000282   0x08000282   0x00000000   Code   RO         4986    .ARM.Collect$$libinit$$00000023  c_w.l(libinit2.o)
    0x08000282   0x08000282   0x00000000   Code   RO         4988    .ARM.Collect$$libinit$$00000025  c_w.l(libinit2.o)
    0x08000282   0x08000282   0x00000000   Code   RO         4992    .ARM.Collect$$libinit$$0000002C  c_w.l(libinit2.o)
    0x08000282   0x08000282   0x00000000   Code   RO         4994    .ARM.Collect$$libinit$$0000002E  c_w.l(libinit2.o)
    0x08000282   0x08000282   0x00000000   Code   RO         4996    .ARM.Collect$$libinit$$00000030  c_w.l(libinit2.o)
    0x08000282   0x08000282   0x00000000   Code   RO         4998    .ARM.Collect$$libinit$$00000032  c_w.l(libinit2.o)
    0x08000282   0x08000282   0x00000002   Code   RO         4999    .ARM.Collect$$libinit$$00000033  c_w.l(libinit2.o)
    0x08000284   0x08000284   0x00000002   Code   RO         5030    .ARM.Collect$$libshutdown$$00000000  c_w.l(libshutdown.o)
    0x08000286   0x08000286   0x00000000   Code   RO         5056    .ARM.Collect$$libshutdown$$00000002  c_w.l(libshutdown2.o)
    0x08000286   0x08000286   0x00000000   Code   RO         5058    .ARM.Collect$$libshutdown$$00000004  c_w.l(libshutdown2.o)
    0x08000286   0x08000286   0x00000000   Code   RO         5060    .ARM.Collect$$libshutdown$$00000006  c_w.l(libshutdown2.o)
    0x08000286   0x08000286   0x00000000   Code   RO         5063    .ARM.Collect$$libshutdown$$00000009  c_w.l(libshutdown2.o)
    0x08000286   0x08000286   0x00000000   Code   RO         5066    .ARM.Collect$$libshutdown$$0000000C  c_w.l(libshutdown2.o)
    0x08000286   0x08000286   0x00000000   Code   RO         5068    .ARM.Collect$$libshutdown$$0000000E  c_w.l(libshutdown2.o)
    0x08000286   0x08000286   0x00000000   Code   RO         5071    .ARM.Collect$$libshutdown$$00000011  c_w.l(libshutdown2.o)
    0x08000286   0x08000286   0x00000002   Code   RO         5072    .ARM.Collect$$libshutdown$$00000012  c_w.l(libshutdown2.o)
    0x08000288   0x08000288   0x00000000   Code   RO         4866    .ARM.Collect$$rtentry$$00000000  c_w.l(__rtentry.o)
    0x08000288   0x08000288   0x00000000   Code   RO         4898    .ARM.Collect$$rtentry$$00000002  c_w.l(__rtentry2.o)
    0x08000288   0x08000288   0x00000006   Code   RO         4910    .ARM.Collect$$rtentry$$00000004  c_w.l(__rtentry4.o)
    0x0800028e   0x0800028e   0x00000000   Code   RO         4900    .ARM.Collect$$rtentry$$00000009  c_w.l(__rtentry2.o)
    0x0800028e   0x0800028e   0x00000004   Code   RO         4901    .ARM.Collect$$rtentry$$0000000A  c_w.l(__rtentry2.o)
    0x08000292   0x08000292   0x00000000   Code   RO         4903    .ARM.Collect$$rtentry$$0000000C  c_w.l(__rtentry2.o)
    0x08000292   0x08000292   0x00000008   Code   RO         4904    .ARM.Collect$$rtentry$$0000000D  c_w.l(__rtentry2.o)
    0x0800029a   0x0800029a   0x00000002   Code   RO         4939    .ARM.Collect$$rtexit$$00000000  c_w.l(rtexit.o)
    0x0800029c   0x0800029c   0x00000000   Code   RO         5003    .ARM.Collect$$rtexit$$00000002  c_w.l(rtexit2.o)
    0x0800029c   0x0800029c   0x00000004   Code   RO         5004    .ARM.Collect$$rtexit$$00000003  c_w.l(rtexit2.o)
    0x080002a0   0x080002a0   0x00000006   Code   RO         5005    .ARM.Collect$$rtexit$$00000004  c_w.l(rtexit2.o)
    0x080002a6   0x080002a6   0x00000002   PAD
    0x080002a8   0x080002a8   0x00000040   Code   RO            4    .text               startup_stm32f429xx.o
    0x080002e8   0x080002e8   0x000000ee   Code   RO         4792    .text               c_w.l(lludivv7m.o)
    0x080003d6   0x080003d6   0x00000002   PAD
    0x080003d8   0x080003d8   0x00000034   Code   RO         4796    .text               c_w.l(noretval__2snprintf.o)
    0x0800040c   0x0800040c   0x00000068   Code   RO         4798    .text               c_w.l(__printf.o)
    0x08000474   0x08000474   0x00000078   Code   RO         4800    .text               c_w.l(_printf_dec.o)
    0x080004ec   0x080004ec   0x0000003c   Code   RO         4824    .text               c_w.l(__0sscanf.o)
    0x08000528   0x08000528   0x0000014c   Code   RO         4826    .text               c_w.l(_scanf_int.o)
    0x08000674   0x08000674   0x000000e0   Code   RO         4828    .text               c_w.l(_scanf_str.o)
    0x08000754   0x08000754   0x0000003e   Code   RO         4830    .text               c_w.l(strlen.o)
    0x08000792   0x08000792   0x0000008a   Code   RO         4832    .text               c_w.l(rt_memcpy_v6.o)
    0x0800081c   0x0800081c   0x00000044   Code   RO         4834    .text               c_w.l(rt_memclr.o)
    0x08000860   0x08000860   0x0000004e   Code   RO         4836    .text               c_w.l(rt_memclr_w.o)
    0x080008ae   0x080008ae   0x00000002   PAD
    0x080008b0   0x080008b0   0x00000080   Code   RO         4838    .text               c_w.l(strcmpv7m.o)
    0x08000930   0x08000930   0x00000006   Code   RO         4840    .text               c_w.l(heapauxi.o)
    0x08000936   0x08000936   0x000000b2   Code   RO         4871    .text               c_w.l(_printf_intcommon.o)
    0x080009e8   0x080009e8   0x00000030   Code   RO         4873    .text               c_w.l(_printf_char_common.o)
    0x08000a18   0x08000a18   0x0000000a   Code   RO         4875    .text               c_w.l(_sputc.o)
    0x08000a22   0x08000a22   0x00000010   Code   RO         4877    .text               c_w.l(_snputc.o)
    0x08000a32   0x08000a32   0x0000001c   Code   RO         4880    .text               c_w.l(_chval.o)
    0x08000a4e   0x08000a4e   0x00000002   PAD
    0x08000a50   0x08000a50   0x0000002c   Code   RO         4882    .text               c_w.l(scanf_char.o)
    0x08000a7c   0x08000a7c   0x00000040   Code   RO         4884    .text               c_w.l(_sgetc.o)
    0x08000abc   0x08000abc   0x00000064   Code   RO         4886    .text               c_w.l(rt_memcpy_w.o)
    0x08000b20   0x08000b20   0x00000012   Code   RO         4914    .text               c_w.l(isspace.o)
    0x08000b32   0x08000b32   0x00000002   PAD
    0x08000b34   0x08000b34   0x00000374   Code   RO         4918    .text               c_w.l(_scanf.o)
    0x08000ea8   0x08000ea8   0x0000004a   Code   RO         4920    .text               c_w.l(sys_stackheap_outer.o)
    0x08000ef2   0x08000ef2   0x00000002   PAD
    0x08000ef4   0x08000ef4   0x00000010   Code   RO         4922    .text               c_w.l(rt_ctype_table.o)
    0x08000f04   0x08000f04   0x00000012   Code   RO         4924    .text               c_w.l(exit.o)
    0x08000f16   0x08000f16   0x00000002   PAD
    0x08000f18   0x08000f18   0x00000008   Code   RO         4936    .text               c_w.l(libspace.o)
    0x08000f20   0x08000f20   0x00000008   Code   RO         4946    .text               c_w.l(rt_locale_intlibspace.o)
    0x08000f28   0x08000f28   0x0000000c   Code   RO         5000    .text               c_w.l(sys_exit.o)
    0x08000f34   0x08000f34   0x00000002   Code   RO         5019    .text               c_w.l(use_no_semi.o)
    0x08000f36   0x08000f36   0x00000000   Code   RO         5021    .text               c_w.l(indicate_semi.o)
    0x08000f36   0x08000f36   0x00000002   PAD
    0x08000f38   0x08000f38   0x0000000c   Code   RO          333    i.ADC_IRQHandler    stm32f4xx_it.o
    0x08000f44   0x08000f44   0x00000128   Code   RO         2782    i.ADC_Init          stm32f4xx_hal_adc.o
    0x0800106c   0x0800106c   0x00000002   Code   RO          334    i.BusFault_Handler  stm32f4xx_it.o
    0x0800106e   0x0800106e   0x00000004   Code   RO          698    i.CDC_Control_HS    usbd_cdc_if.o
    0x08001072   0x08001072   0x00000004   Code   RO          699    i.CDC_DeInit_HS     usbd_cdc_if.o
    0x08001076   0x08001076   0x00000002   PAD
    0x08001078   0x08001078   0x00000024   Code   RO          700    i.CDC_Init_HS       usbd_cdc_if.o
    0x0800109c   0x0800109c   0x0000003c   Code   RO          701    i.CDC_Receive_HS    usbd_cdc_if.o
    0x080010d8   0x080010d8   0x00000004   Code   RO          702    i.CDC_TransmitCplt_HS  usbd_cdc_if.o
    0x080010dc   0x080010dc   0x0000002c   Code   RO          703    i.CDC_Transmit_HS   usbd_cdc_if.o
    0x08001108   0x08001108   0x000001f8   Code   RO           13    i.ConfigRXData      main.o
    0x08001300   0x08001300   0x0000000c   Code   RO          335    i.DMA2_Stream2_IRQHandler  stm32f4xx_it.o
    0x0800130c   0x0800130c   0x00000028   Code   RO         2058    i.DMA_CalcBaseAndBitshift  stm32f4xx_hal_dma.o
    0x08001334   0x08001334   0x00000054   Code   RO         2059    i.DMA_CheckFifoParam  stm32f4xx_hal_dma.o
    0x08001388   0x08001388   0x00000002   Code   RO          336    i.DebugMon_Handler  stm32f4xx_it.o
    0x0800138a   0x0800138a   0x00000006   Code   RO          337    i.EXTI2_IRQHandler  stm32f4xx_it.o
    0x08001390   0x08001390   0x00000006   Code   RO          338    i.EXTI4_IRQHandler  stm32f4xx_it.o
    0x08001396   0x08001396   0x00000004   Code   RO           17    i.Error_Handler     main.o
    0x0800139a   0x0800139a   0x00000002   Code   RO         2953    i.HAL_ADCEx_InjectedConvCpltCallback  stm32f4xx_hal_adc_ex.o
    0x0800139c   0x0800139c   0x00000164   Code   RO         2784    i.HAL_ADC_ConfigChannel  stm32f4xx_hal_adc.o
    0x08001500   0x08001500   0x00000002   Code   RO         2785    i.HAL_ADC_ConvCpltCallback  stm32f4xx_hal_adc.o
    0x08001502   0x08001502   0x00000002   Code   RO         2788    i.HAL_ADC_ErrorCallback  stm32f4xx_hal_adc.o
    0x08001504   0x08001504   0x0000012e   Code   RO         2792    i.HAL_ADC_IRQHandler  stm32f4xx_hal_adc.o
    0x08001632   0x08001632   0x00000054   Code   RO         2793    i.HAL_ADC_Init      stm32f4xx_hal_adc.o
    0x08001686   0x08001686   0x00000002   Code   RO         2794    i.HAL_ADC_LevelOutOfWindowCallback  stm32f4xx_hal_adc.o
    0x08001688   0x08001688   0x000000ac   Code   RO          476    i.HAL_ADC_MspInit   stm32f4xx_hal_msp.o
    0x08001734   0x08001734   0x000001a0   Code   RO         2066    i.HAL_DMA_IRQHandler  stm32f4xx_hal_dma.o
    0x080018d4   0x080018d4   0x000000d4   Code   RO         2067    i.HAL_DMA_Init      stm32f4xx_hal_dma.o
    0x080019a8   0x080019a8   0x00000024   Code   RO         2516    i.HAL_Delay         stm32f4xx_hal.o
    0x080019cc   0x080019cc   0x0000007c   Code   RO           20    i.HAL_GPIO_EXTI_Callback  main.o
    0x08001a48   0x08001a48   0x00000018   Code   RO         1953    i.HAL_GPIO_EXTI_IRQHandler  stm32f4xx_hal_gpio.o
    0x08001a60   0x08001a60   0x00000234   Code   RO         1954    i.HAL_GPIO_Init     stm32f4xx_hal_gpio.o
    0x08001c94   0x08001c94   0x00000010   Code   RO         1957    i.HAL_GPIO_TogglePin  stm32f4xx_hal_gpio.o
    0x08001ca4   0x08001ca4   0x0000000a   Code   RO         1958    i.HAL_GPIO_WritePin  stm32f4xx_hal_gpio.o
    0x08001cae   0x08001cae   0x00000002   PAD
    0x08001cb0   0x08001cb0   0x0000000c   Code   RO         2524    i.HAL_GetTick       stm32f4xx_hal.o
    0x08001cbc   0x08001cbc   0x00000010   Code   RO         2530    i.HAL_IncTick       stm32f4xx_hal.o
    0x08001ccc   0x08001ccc   0x00000034   Code   RO         2531    i.HAL_Init          stm32f4xx_hal.o
    0x08001d00   0x08001d00   0x00000098   Code   RO          542    i.HAL_InitTick      stm32f4xx_hal_timebase_tim.o
    0x08001d98   0x08001d98   0x00000030   Code   RO          477    i.HAL_MspInit       stm32f4xx_hal_msp.o
    0x08001dc8   0x08001dc8   0x0000001a   Code   RO         2364    i.HAL_NVIC_EnableIRQ  stm32f4xx_hal_cortex.o
    0x08001de2   0x08001de2   0x00000002   PAD
    0x08001de4   0x08001de4   0x00000040   Code   RO         2370    i.HAL_NVIC_SetPriority  stm32f4xx_hal_cortex.o
    0x08001e24   0x08001e24   0x00000024   Code   RO         2371    i.HAL_NVIC_SetPriorityGrouping  stm32f4xx_hal_cortex.o
    0x08001e48   0x08001e48   0x00000002   Code   RO         1201    i.HAL_PCDEx_LPM_Callback  stm32f4xx_hal_pcd_ex.o
    0x08001e4a   0x08001e4a   0x00000008   Code   RO         1202    i.HAL_PCDEx_SetRxFiFo  stm32f4xx_hal_pcd_ex.o
    0x08001e52   0x08001e52   0x00000044   Code   RO         1203    i.HAL_PCDEx_SetTxFiFo  stm32f4xx_hal_pcd_ex.o
    0x08001e96   0x08001e96   0x00000008   Code   RO          755    i.HAL_PCD_ConnectCallback  usbd_conf.o
    0x08001e9e   0x08001e9e   0x00000012   Code   RO          756    i.HAL_PCD_DataInStageCallback  usbd_conf.o
    0x08001eb0   0x08001eb0   0x00000014   Code   RO          757    i.HAL_PCD_DataOutStageCallback  usbd_conf.o
    0x08001ec4   0x08001ec4   0x00000008   Code   RO          758    i.HAL_PCD_DisconnectCallback  usbd_conf.o
    0x08001ecc   0x08001ecc   0x0000001e   Code   RO          971    i.HAL_PCD_EP_Abort  stm32f4xx_hal_pcd.o
    0x08001eea   0x08001eea   0x0000004a   Code   RO          972    i.HAL_PCD_EP_Close  stm32f4xx_hal_pcd.o
    0x08001f34   0x08001f34   0x0000005a   Code   RO          973    i.HAL_PCD_EP_ClrStall  stm32f4xx_hal_pcd.o
    0x08001f8e   0x08001f8e   0x00000012   Code   RO          975    i.HAL_PCD_EP_GetRxCount  stm32f4xx_hal_pcd.o
    0x08001fa0   0x08001fa0   0x00000062   Code   RO          976    i.HAL_PCD_EP_Open   stm32f4xx_hal_pcd.o
    0x08002002   0x08002002   0x00000038   Code   RO          977    i.HAL_PCD_EP_Receive  stm32f4xx_hal_pcd.o
    0x0800203a   0x0800203a   0x00000072   Code   RO          978    i.HAL_PCD_EP_SetStall  stm32f4xx_hal_pcd.o
    0x080020ac   0x080020ac   0x00000032   Code   RO          979    i.HAL_PCD_EP_Transmit  stm32f4xx_hal_pcd.o
    0x080020de   0x080020de   0x00000002   PAD
    0x080020e0   0x080020e0   0x0000055c   Code   RO          981    i.HAL_PCD_IRQHandler  stm32f4xx_hal_pcd.o
    0x0800263c   0x0800263c   0x00000008   Code   RO          759    i.HAL_PCD_ISOINIncompleteCallback  usbd_conf.o
    0x08002644   0x08002644   0x00000008   Code   RO          760    i.HAL_PCD_ISOOUTIncompleteCallback  usbd_conf.o
    0x0800264c   0x0800264c   0x000000cc   Code   RO          984    i.HAL_PCD_Init      stm32f4xx_hal_pcd.o
    0x08002718   0x08002718   0x00000078   Code   RO          762    i.HAL_PCD_MspInit   usbd_conf.o
    0x08002790   0x08002790   0x0000002c   Code   RO          763    i.HAL_PCD_ResetCallback  usbd_conf.o
    0x080027bc   0x080027bc   0x00000008   Code   RO          764    i.HAL_PCD_ResumeCallback  usbd_conf.o
    0x080027c4   0x080027c4   0x00000008   Code   RO          765    i.HAL_PCD_SOFCallback  usbd_conf.o
    0x080027cc   0x080027cc   0x00000026   Code   RO          990    i.HAL_PCD_SetAddress  stm32f4xx_hal_pcd.o
    0x080027f2   0x080027f2   0x0000000e   Code   RO          766    i.HAL_PCD_SetupStageCallback  usbd_conf.o
    0x08002800   0x08002800   0x00000042   Code   RO          993    i.HAL_PCD_Start     stm32f4xx_hal_pcd.o
    0x08002842   0x08002842   0x00000002   PAD
    0x08002844   0x08002844   0x00000030   Code   RO          767    i.HAL_PCD_SuspendCallback  usbd_conf.o
    0x08002874   0x08002874   0x00000134   Code   RO         1548    i.HAL_RCC_ClockConfig  stm32f4xx_hal_rcc.o
    0x080029a8   0x080029a8   0x00000040   Code   RO         1552    i.HAL_RCC_GetClockConfig  stm32f4xx_hal_rcc.o
    0x080029e8   0x080029e8   0x0000000c   Code   RO         1553    i.HAL_RCC_GetHCLKFreq  stm32f4xx_hal_rcc.o
    0x080029f4   0x080029f4   0x00000020   Code   RO         1555    i.HAL_RCC_GetPCLK1Freq  stm32f4xx_hal_rcc.o
    0x08002a14   0x08002a14   0x00000060   Code   RO         1557    i.HAL_RCC_GetSysClockFreq  stm32f4xx_hal_rcc.o
    0x08002a74   0x08002a74   0x0000036c   Code   RO         1560    i.HAL_RCC_OscConfig  stm32f4xx_hal_rcc.o
    0x08002de0   0x08002de0   0x000000bc   Code   RO         3068    i.HAL_SPI_Init      stm32f4xx_hal_spi.o
    0x08002e9c   0x08002e9c   0x0000006c   Code   RO          479    i.HAL_SPI_MspInit   stm32f4xx_hal_msp.o
    0x08002f08   0x08002f08   0x00000002   Code   RO         4085    i.HAL_TIMEx_BreakCallback  stm32f4xx_hal_tim_ex.o
    0x08002f0a   0x08002f0a   0x00000002   Code   RO         4086    i.HAL_TIMEx_CommutCallback  stm32f4xx_hal_tim_ex.o
    0x08002f0c   0x08002f0c   0x00000054   Code   RO         4088    i.HAL_TIMEx_ConfigBreakDeadTime  stm32f4xx_hal_tim_ex.o
    0x08002f60   0x08002f60   0x00000090   Code   RO         4104    i.HAL_TIMEx_MasterConfigSynchronization  stm32f4xx_hal_tim_ex.o
    0x08002ff0   0x08002ff0   0x0000005a   Code   RO         3381    i.HAL_TIM_Base_Init  stm32f4xx_hal_tim.o
    0x0800304a   0x0800304a   0x00000002   PAD
    0x0800304c   0x0800304c   0x000000d0   Code   RO          481    i.HAL_TIM_Base_MspInit  stm32f4xx_hal_msp.o
    0x0800311c   0x0800311c   0x00000080   Code   RO         3386    i.HAL_TIM_Base_Start_IT  stm32f4xx_hal_tim.o
    0x0800319c   0x0800319c   0x00000030   Code   RO         3389    i.HAL_TIM_Base_Stop_IT  stm32f4xx_hal_tim.o
    0x080031cc   0x080031cc   0x000000dc   Code   RO         3390    i.HAL_TIM_ConfigClockSource  stm32f4xx_hal_tim.o
    0x080032a8   0x080032a8   0x00000002   Code   RO         3415    i.HAL_TIM_IC_CaptureCallback  stm32f4xx_hal_tim.o
    0x080032aa   0x080032aa   0x00000124   Code   RO         3417    i.HAL_TIM_IC_ConfigChannel  stm32f4xx_hal_tim.o
    0x080033ce   0x080033ce   0x0000005a   Code   RO         3420    i.HAL_TIM_IC_Init   stm32f4xx_hal_tim.o
    0x08003428   0x08003428   0x00000002   Code   RO         3422    i.HAL_TIM_IC_MspInit  stm32f4xx_hal_tim.o
    0x0800342a   0x0800342a   0x00000130   Code   RO         3429    i.HAL_TIM_IRQHandler  stm32f4xx_hal_tim.o
    0x0800355a   0x0800355a   0x00000002   PAD
    0x0800355c   0x0800355c   0x00000054   Code   RO          482    i.HAL_TIM_MspPostInit  stm32f4xx_hal_msp.o
    0x080035b0   0x080035b0   0x00000002   Code   RO         3432    i.HAL_TIM_OC_DelayElapsedCallback  stm32f4xx_hal_tim.o
    0x080035b2   0x080035b2   0x000000cc   Code   RO         3453    i.HAL_TIM_PWM_ConfigChannel  stm32f4xx_hal_tim.o
    0x0800367e   0x0800367e   0x0000005a   Code   RO         3456    i.HAL_TIM_PWM_Init  stm32f4xx_hal_tim.o
    0x080036d8   0x080036d8   0x00000002   Code   RO         3458    i.HAL_TIM_PWM_MspInit  stm32f4xx_hal_tim.o
    0x080036da   0x080036da   0x00000002   Code   RO         3459    i.HAL_TIM_PWM_PulseFinishedCallback  stm32f4xx_hal_tim.o
    0x080036dc   0x080036dc   0x000000c8   Code   RO         3461    i.HAL_TIM_PWM_Start  stm32f4xx_hal_tim.o
    0x080037a4   0x080037a4   0x0000007c   Code   RO         3464    i.HAL_TIM_PWM_Stop  stm32f4xx_hal_tim.o
    0x08003820   0x08003820   0x00000250   Code   RO           21    i.HAL_TIM_PeriodElapsedCallback  main.o
    0x08003a70   0x08003a70   0x00000002   Code   RO         3472    i.HAL_TIM_TriggerCallback  stm32f4xx_hal_tim.o
    0x08003a72   0x08003a72   0x00000002   Code   RO          339    i.HardFault_Handler  stm32f4xx_it.o
    0x08003a74   0x08003a74   0x0000002c   Code   RO           22    i.Homing            main.o
    0x08003aa0   0x08003aa0   0x00000038   Code   RO          612    i.IntToUnicode      usbd_desc.o
    0x08003ad8   0x08003ad8   0x00000064   Code   RO           23    i.MX_ADC2_Init      main.o
    0x08003b3c   0x08003b3c   0x00000064   Code   RO           24    i.MX_ADC3_Init      main.o
    0x08003ba0   0x08003ba0   0x00000178   Code   RO           25    i.MX_GPIO_Init      main.o
    0x08003d18   0x08003d18   0x00000044   Code   RO           26    i.MX_SPI3_Init      main.o
    0x08003d5c   0x08003d5c   0x000000cc   Code   RO           27    i.MX_TIM1_Init      main.o
    0x08003e28   0x08003e28   0x00000098   Code   RO           28    i.MX_TIM3_Init      main.o
    0x08003ec0   0x08003ec0   0x00000054   Code   RO          581    i.MX_USB_DEVICE_Init  usb_device.o
    0x08003f14   0x08003f14   0x00000002   Code   RO          340    i.MemManage_Handler  stm32f4xx_it.o
    0x08003f16   0x08003f16   0x00000002   Code   RO          341    i.NMI_Handler       stm32f4xx_it.o
    0x08003f18   0x08003f18   0x0000000c   Code   RO          342    i.OTG_HS_IRQHandler  stm32f4xx_it.o
    0x08003f24   0x08003f24   0x000000cc   Code   RO          997    i.PCD_EP_OutXfrComplete_int  stm32f4xx_hal_pcd.o
    0x08003ff0   0x08003ff0   0x000000a2   Code   RO          998    i.PCD_WriteEmptyTxFifo  stm32f4xx_hal_pcd.o
    0x08004092   0x08004092   0x00000002   Code   RO          343    i.PendSV_Handler    stm32f4xx_it.o
    0x08004094   0x08004094   0x00000010   Code   RO           30    i.SET_HEATER_CONTROL  main.o
    0x080040a4   0x080040a4   0x00000044   Code   RO           31    i.SET_MOTOR_SPEED   main.o
    0x080040e8   0x080040e8   0x00000010   Code   RO           32    i.SET_PNEUMATIC_VALVE  main.o
    0x080040f8   0x080040f8   0x00000040   Code   RO           33    i.SET_STEPPER_START  main.o
    0x08004138   0x08004138   0x00000024   Code   RO           34    i.SET_STEPPER_STOP  main.o
    0x0800415c   0x0800415c   0x00000002   Code   RO          344    i.SVC_Handler       stm32f4xx_it.o
    0x0800415e   0x0800415e   0x0000000a   Code   RO         4549    i.SWAPBYTE          usbd_ctlreq.o
    0x08004168   0x08004168   0x00000002   Code   RO          345    i.SysTick_Handler   stm32f4xx_it.o
    0x0800416a   0x0800416a   0x00000002   PAD
    0x0800416c   0x0800416c   0x00000094   Code   RO           35    i.SystemClock_Config  main.o
    0x08004200   0x08004200   0x00000010   Code   RO         4353    i.SystemInit        system_stm32f4xx.o
    0x08004210   0x08004210   0x0000000c   Code   RO          346    i.TIM1_BRK_TIM9_IRQHandler  stm32f4xx_it.o
    0x0800421c   0x0800421c   0x0000000c   Code   RO          347    i.TIM1_CC_IRQHandler  stm32f4xx_it.o
    0x08004228   0x08004228   0x0000000c   Code   RO          348    i.TIM1_TRG_COM_TIM11_IRQHandler  stm32f4xx_it.o
    0x08004234   0x08004234   0x0000000c   Code   RO          349    i.TIM1_UP_TIM10_IRQHandler  stm32f4xx_it.o
    0x08004240   0x08004240   0x0000000c   Code   RO          350    i.TIM2_IRQHandler   stm32f4xx_it.o
    0x0800424c   0x0800424c   0x0000000c   Code   RO          351    i.TIM3_IRQHandler   stm32f4xx_it.o
    0x08004258   0x08004258   0x000000d8   Code   RO         3474    i.TIM_Base_SetConfig  stm32f4xx_hal_tim.o
    0x08004330   0x08004330   0x0000001a   Code   RO         3475    i.TIM_CCxChannelCmd  stm32f4xx_hal_tim.o
    0x0800434a   0x0800434a   0x00000014   Code   RO         3485    i.TIM_ETR_SetConfig  stm32f4xx_hal_tim.o
    0x0800435e   0x0800435e   0x00000010   Code   RO         3486    i.TIM_ITRx_SetConfig  stm32f4xx_hal_tim.o
    0x0800436e   0x0800436e   0x00000002   PAD
    0x08004370   0x08004370   0x00000060   Code   RO         3487    i.TIM_OC1_SetConfig  stm32f4xx_hal_tim.o
    0x080043d0   0x080043d0   0x0000006c   Code   RO         3488    i.TIM_OC2_SetConfig  stm32f4xx_hal_tim.o
    0x0800443c   0x0800443c   0x00000068   Code   RO         3489    i.TIM_OC3_SetConfig  stm32f4xx_hal_tim.o
    0x080044a4   0x080044a4   0x00000050   Code   RO         3490    i.TIM_OC4_SetConfig  stm32f4xx_hal_tim.o
    0x080044f4   0x080044f4   0x00000022   Code   RO         3492    i.TIM_TI1_ConfigInputStage  stm32f4xx_hal_tim.o
    0x08004516   0x08004516   0x00000002   PAD
    0x08004518   0x08004518   0x00000080   Code   RO         3493    i.TIM_TI1_SetConfig  stm32f4xx_hal_tim.o
    0x08004598   0x08004598   0x00000024   Code   RO         3494    i.TIM_TI2_ConfigInputStage  stm32f4xx_hal_tim.o
    0x080045bc   0x080045bc   0x00000036   Code   RO         3495    i.TIM_TI2_SetConfig  stm32f4xx_hal_tim.o
    0x080045f2   0x080045f2   0x00000076   Code   RO         4687    i.USBD_CDC_DataIn   usbd_cdc.o
    0x08004668   0x08004668   0x0000003c   Code   RO         4688    i.USBD_CDC_DataOut  usbd_cdc.o
    0x080046a4   0x080046a4   0x00000090   Code   RO         4689    i.USBD_CDC_DeInit   usbd_cdc.o
    0x08004734   0x08004734   0x00000036   Code   RO         4690    i.USBD_CDC_EP0_RxReady  usbd_cdc.o
    0x0800476a   0x0800476a   0x00000002   PAD
    0x0800476c   0x0800476c   0x0000000c   Code   RO         4691    i.USBD_CDC_GetDeviceQualifierDescriptor  usbd_cdc.o
    0x08004778   0x08004778   0x0000003c   Code   RO         4692    i.USBD_CDC_GetFSCfgDesc  usbd_cdc.o
    0x080047b4   0x080047b4   0x00000040   Code   RO         4693    i.USBD_CDC_GetHSCfgDesc  usbd_cdc.o
    0x080047f4   0x080047f4   0x0000003c   Code   RO         4694    i.USBD_CDC_GetOtherSpeedCfgDesc  usbd_cdc.o
    0x08004830   0x08004830   0x00000118   Code   RO         4695    i.USBD_CDC_Init     usbd_cdc.o
    0x08004948   0x08004948   0x00000038   Code   RO         4696    i.USBD_CDC_ReceivePacket  usbd_cdc.o
    0x08004980   0x08004980   0x00000016   Code   RO         4697    i.USBD_CDC_RegisterInterface  usbd_cdc.o
    0x08004996   0x08004996   0x0000001a   Code   RO         4698    i.USBD_CDC_SetRxBuffer  usbd_cdc.o
    0x080049b0   0x080049b0   0x0000001e   Code   RO         4699    i.USBD_CDC_SetTxBuffer  usbd_cdc.o
    0x080049ce   0x080049ce   0x000000d4   Code   RO         4700    i.USBD_CDC_Setup    usbd_cdc.o
    0x08004aa2   0x08004aa2   0x00000002   PAD
    0x08004aa4   0x08004aa4   0x00000050   Code   RO         4701    i.USBD_CDC_TransmitPacket  usbd_cdc.o
    0x08004af4   0x08004af4   0x00000014   Code   RO         4390    i.USBD_ClrClassConfig  usbd_core.o
    0x08004b08   0x08004b08   0x00000004   Code   RO         4391    i.USBD_CoreFindEP   usbd_core.o
    0x08004b0c   0x08004b0c   0x00000004   Code   RO         4392    i.USBD_CoreFindIF   usbd_core.o
    0x08004b10   0x08004b10   0x00000010   Code   RO         4627    i.USBD_CtlContinueRx  usbd_ioreq.o
    0x08004b20   0x08004b20   0x00000010   Code   RO         4628    i.USBD_CtlContinueSendData  usbd_ioreq.o
    0x08004b30   0x08004b30   0x00000016   Code   RO         4550    i.USBD_CtlError     usbd_ctlreq.o
    0x08004b46   0x08004b46   0x0000001e   Code   RO         4629    i.USBD_CtlPrepareRx  usbd_ioreq.o
    0x08004b64   0x08004b64   0x00000016   Code   RO         4630    i.USBD_CtlReceiveStatus  usbd_ioreq.o
    0x08004b7a   0x08004b7a   0x0000001a   Code   RO         4631    i.USBD_CtlSendData  usbd_ioreq.o
    0x08004b94   0x08004b94   0x00000016   Code   RO         4632    i.USBD_CtlSendStatus  usbd_ioreq.o
    0x08004baa   0x08004baa   0x000000e6   Code   RO         4551    i.USBD_GetDescriptor  usbd_ctlreq.o
    0x08004c90   0x08004c90   0x0000003a   Code   RO         4394    i.USBD_GetEpDesc    usbd_core.o
    0x08004cca   0x08004cca   0x00000014   Code   RO         4552    i.USBD_GetLen       usbd_ctlreq.o
    0x08004cde   0x08004cde   0x0000000e   Code   RO         4395    i.USBD_GetNextDesc  usbd_core.o
    0x08004cec   0x08004cec   0x0000004e   Code   RO         4553    i.USBD_GetString    usbd_ctlreq.o
    0x08004d3a   0x08004d3a   0x00000018   Code   RO          768    i.USBD_Get_USB_Status  usbd_conf.o
    0x08004d52   0x08004d52   0x00000002   PAD
    0x08004d54   0x08004d54   0x00000020   Code   RO          613    i.USBD_HS_ConfigStrDescriptor  usbd_desc.o
    0x08004d74   0x08004d74   0x0000000c   Code   RO          614    i.USBD_HS_DeviceDescriptor  usbd_desc.o
    0x08004d80   0x08004d80   0x00000024   Code   RO          615    i.USBD_HS_InterfaceStrDescriptor  usbd_desc.o
    0x08004da4   0x08004da4   0x0000000c   Code   RO          616    i.USBD_HS_LangIDStrDescriptor  usbd_desc.o
    0x08004db0   0x08004db0   0x00000028   Code   RO          617    i.USBD_HS_ManufacturerStrDescriptor  usbd_desc.o
    0x08004dd8   0x08004dd8   0x00000028   Code   RO          618    i.USBD_HS_ProductStrDescriptor  usbd_desc.o
    0x08004e00   0x08004e00   0x00000038   Code   RO          619    i.USBD_HS_SerialStrDescriptor  usbd_desc.o
    0x08004e38   0x08004e38   0x00000026   Code   RO         4396    i.USBD_Init         usbd_core.o
    0x08004e5e   0x08004e5e   0x00000012   Code   RO          769    i.USBD_LL_ClearStallEP  usbd_conf.o
    0x08004e70   0x08004e70   0x00000012   Code   RO          770    i.USBD_LL_CloseEP   usbd_conf.o
    0x08004e82   0x08004e82   0x000000b6   Code   RO         4397    i.USBD_LL_DataInStage  usbd_core.o
    0x08004f38   0x08004f38   0x0000008e   Code   RO         4398    i.USBD_LL_DataOutStage  usbd_core.o
    0x08004fc6   0x08004fc6   0x00000004   Code   RO         4399    i.USBD_LL_DevConnected  usbd_core.o
    0x08004fca   0x08004fca   0x0000001e   Code   RO         4400    i.USBD_LL_DevDisconnected  usbd_core.o
    0x08004fe8   0x08004fe8   0x00000008   Code   RO          774    i.USBD_LL_GetRxDataSize  usbd_conf.o
    0x08004ff0   0x08004ff0   0x0000006c   Code   RO          775    i.USBD_LL_Init      usbd_conf.o
    0x0800505c   0x0800505c   0x0000001e   Code   RO          776    i.USBD_LL_IsStallEP  usbd_conf.o
    0x0800507a   0x0800507a   0x00000028   Code   RO         4401    i.USBD_LL_IsoINIncomplete  usbd_core.o
    0x080050a2   0x080050a2   0x00000028   Code   RO         4402    i.USBD_LL_IsoOUTIncomplete  usbd_core.o
    0x080050ca   0x080050ca   0x00000018   Code   RO          777    i.USBD_LL_OpenEP    usbd_conf.o
    0x080050e2   0x080050e2   0x00000012   Code   RO          778    i.USBD_LL_PrepareReceive  usbd_conf.o
    0x080050f4   0x080050f4   0x0000005c   Code   RO         4403    i.USBD_LL_Reset     usbd_core.o
    0x08005150   0x08005150   0x00000014   Code   RO         4404    i.USBD_LL_Resume    usbd_core.o
    0x08005164   0x08005164   0x0000001a   Code   RO         4405    i.USBD_LL_SOF       usbd_core.o
    0x0800517e   0x0800517e   0x00000006   Code   RO         4406    i.USBD_LL_SetSpeed  usbd_core.o
    0x08005184   0x08005184   0x00000012   Code   RO          779    i.USBD_LL_SetUSBAddress  usbd_conf.o
    0x08005196   0x08005196   0x00000060   Code   RO         4407    i.USBD_LL_SetupStage  usbd_core.o
    0x080051f6   0x080051f6   0x00000012   Code   RO          780    i.USBD_LL_StallEP   usbd_conf.o
    0x08005208   0x08005208   0x00000012   Code   RO          781    i.USBD_LL_Start     usbd_conf.o
    0x0800521a   0x0800521a   0x0000001a   Code   RO         4408    i.USBD_LL_Suspend   usbd_core.o
    0x08005234   0x08005234   0x00000012   Code   RO          783    i.USBD_LL_Transmit  usbd_conf.o
    0x08005246   0x08005246   0x0000002c   Code   RO         4554    i.USBD_ParseSetupRequest  usbd_ctlreq.o
    0x08005272   0x08005272   0x0000003a   Code   RO         4409    i.USBD_RegisterClass  usbd_core.o
    0x080052ac   0x080052ac   0x00000014   Code   RO         4411    i.USBD_SetClassConfig  usbd_core.o
    0x080052c0   0x080052c0   0x000000b8   Code   RO         4555    i.USBD_SetConfig    usbd_ctlreq.o
    0x08005378   0x08005378   0x00000004   Code   RO         4412    i.USBD_Start        usbd_core.o
    0x0800537c   0x0800537c   0x0000012c   Code   RO         4556    i.USBD_StdDevReq    usbd_ctlreq.o
    0x080054a8   0x080054a8   0x00000160   Code   RO         4557    i.USBD_StdEPReq     usbd_ctlreq.o
    0x08005608   0x08005608   0x00000072   Code   RO         4558    i.USBD_StdItfReq    usbd_ctlreq.o
    0x0800567a   0x0800567a   0x00000002   Code   RO          784    i.USBD_static_free  usbd_conf.o
    0x0800567c   0x0800567c   0x00000008   Code   RO          785    i.USBD_static_malloc  usbd_conf.o
    0x08005684   0x08005684   0x00000080   Code   RO         1243    i.USB_ActivateEndpoint  stm32f4xx_ll_usb.o
    0x08005704   0x08005704   0x0000001c   Code   RO         1245    i.USB_ActivateSetup  stm32f4xx_ll_usb.o
    0x08005720   0x08005720   0x00000084   Code   RO         1247    i.USB_CoreInit      stm32f4xx_ll_usb.o
    0x080057a4   0x080057a4   0x0000003c   Code   RO         1248    i.USB_CoreReset     stm32f4xx_ll_usb.o
    0x080057e0   0x080057e0   0x000000cc   Code   RO         1251    i.USB_DeactivateEndpoint  stm32f4xx_ll_usb.o
    0x080058ac   0x080058ac   0x0000001c   Code   RO         1252    i.USB_DevConnect    stm32f4xx_ll_usb.o
    0x080058c8   0x080058c8   0x0000001c   Code   RO         1253    i.USB_DevDisconnect  stm32f4xx_ll_usb.o
    0x080058e4   0x080058e4   0x0000017c   Code   RO         1254    i.USB_DevInit       stm32f4xx_ll_usb.o
    0x08005a60   0x08005a60   0x0000000c   Code   RO         1255    i.USB_DisableGlobalInt  stm32f4xx_ll_usb.o
    0x08005a6c   0x08005a6c   0x00000058   Code   RO         1258    i.USB_EP0_OutStart  stm32f4xx_ll_usb.o
    0x08005ac4   0x08005ac4   0x00000058   Code   RO         1259    i.USB_EPClearStall  stm32f4xx_ll_usb.o
    0x08005b1c   0x08005b1c   0x00000058   Code   RO         1260    i.USB_EPSetStall    stm32f4xx_ll_usb.o
    0x08005b74   0x08005b74   0x00000238   Code   RO         1261    i.USB_EPStartXfer   stm32f4xx_ll_usb.o
    0x08005dac   0x08005dac   0x0000009e   Code   RO         1262    i.USB_EPStopXfer    stm32f4xx_ll_usb.o
    0x08005e4a   0x08005e4a   0x0000000c   Code   RO         1263    i.USB_EnableGlobalInt  stm32f4xx_ll_usb.o
    0x08005e56   0x08005e56   0x00000038   Code   RO         1264    i.USB_FlushRxFifo   stm32f4xx_ll_usb.o
    0x08005e8e   0x08005e8e   0x0000003c   Code   RO         1265    i.USB_FlushTxFifo   stm32f4xx_ll_usb.o
    0x08005eca   0x08005eca   0x0000001a   Code   RO         1267    i.USB_GetDevSpeed   stm32f4xx_ll_usb.o
    0x08005ee4   0x08005ee4   0x00000008   Code   RO         1269    i.USB_GetMode       stm32f4xx_ll_usb.o
    0x08005eec   0x08005eec   0x0000000e   Code   RO         1277    i.USB_ReadDevAllInEpInterrupt  stm32f4xx_ll_usb.o
    0x08005efa   0x08005efa   0x0000000e   Code   RO         1278    i.USB_ReadDevAllOutEpInterrupt  stm32f4xx_ll_usb.o
    0x08005f08   0x08005f08   0x00000024   Code   RO         1279    i.USB_ReadDevInEPInterrupt  stm32f4xx_ll_usb.o
    0x08005f2c   0x08005f2c   0x00000010   Code   RO         1280    i.USB_ReadDevOutEPInterrupt  stm32f4xx_ll_usb.o
    0x08005f3c   0x08005f3c   0x00000008   Code   RO         1281    i.USB_ReadInterrupts  stm32f4xx_ll_usb.o
    0x08005f44   0x08005f44   0x0000003e   Code   RO         1282    i.USB_ReadPacket    stm32f4xx_ll_usb.o
    0x08005f82   0x08005f82   0x0000005c   Code   RO         1284    i.USB_SetCurrentMode  stm32f4xx_ll_usb.o
    0x08005fde   0x08005fde   0x00000022   Code   RO         1285    i.USB_SetDevAddress  stm32f4xx_ll_usb.o
    0x08006000   0x08006000   0x000000e8   Code   RO         1287    i.USB_SetTurnaroundTime  stm32f4xx_ll_usb.o
    0x080060e8   0x080060e8   0x00000028   Code   RO         1290    i.USB_WritePacket   stm32f4xx_ll_usb.o
    0x08006110   0x08006110   0x00000002   Code   RO          352    i.UsageFault_Handler  stm32f4xx_it.o
    0x08006112   0x08006112   0x00000020   Code   RO         2377    i.__NVIC_SetPriority  stm32f4xx_hal_cortex.o
    0x08006132   0x08006132   0x00000002   PAD
    0x08006134   0x08006134   0x00000064   Code   RO           36    i.main              main.o
    0x08006198   0x08006198   0x0000002c   Code   RO         4949    locale$$code        c_w.l(lc_ctype_c.o)
    0x080061c4   0x080061c4   0x0000000a   Code   RO         5015    x$fpl$fpinit        fz_wm.l(fpinit.o)
    0x080061ce   0x080061ce   0x00000008   Data   RO         2073    .constdata          stm32f4xx_hal_dma.o
    0x080061d6   0x080061d6   0x00000010   Data   RO         4354    .constdata          system_stm32f4xx.o
    0x080061e6   0x080061e6   0x00000008   Data   RO         4355    .constdata          system_stm32f4xx.o
    0x080061ee   0x080061ee   0x00000002   PAD
    0x080061f0   0x080061f0   0x0000002e   Data   RO           40    .conststring        main.o
    0x0800621e   0x0800621e   0x00000002   PAD
    0x08006220   0x08006220   0x00000020   Data   RO         5073    Region$$Table       anon$$obj.o
    0x08006240   0x08006240   0x00000110   Data   RO         4948    locale$$data        c_w.l(lc_ctype_c.o)


    Execution Region RW_IRAM2 (Exec base: 0x10000000, Load base: 0x0800641c, Size: 0x00000000, Max: 0x00010000, ABSOLUTE)

    **** No section assigned to this execution region ****


    Execution Region RW_IRAM1 (Exec base: 0x20000000, Load base: 0x08006350, Size: 0x00002648, Max: 0x00030000, ABSOLUTE, COMPRESSED[0x000000cc])

    Exec Addr    Load Addr    Size         Type   Attr      Idx    E Section Name        Object

    0x20000000   COMPRESSED   0x00000064   Data   RW           45    .data               main.o
    0x20000064   COMPRESSED   0x0000001c   Data   RW          621    .data               usbd_desc.o
    0x20000080   COMPRESSED   0x00000032   Data   RW          622    .data               usbd_desc.o
    0x200000b2   COMPRESSED   0x00000002   PAD
    0x200000b4   COMPRESSED   0x00000014   Data   RW          705    .data               usbd_cdc_if.o
    0x200000c8   COMPRESSED   0x0000000c   Data   RW         2538    .data               stm32f4xx_hal.o
    0x200000d4   COMPRESSED   0x00000004   Data   RW         4356    .data               system_stm32f4xx.o
    0x200000d8   COMPRESSED   0x00000001   Data   RW         4559    .data               usbd_ctlreq.o
    0x200000d9   COMPRESSED   0x00000003   PAD
    0x200000dc   COMPRESSED   0x00000053   Data   RW         4702    .data               usbd_cdc.o
    0x2000012f   COMPRESSED   0x00000001   PAD
    0x20000130   COMPRESSED   0x00000038   Data   RW         4703    .data               usbd_cdc.o
    0x20000168        -       0x000001f8   Zero   RW           37    .bss                main.o
    0x20000360        -       0x00000060   Zero   RW           38    .bss                main.o
    0x200003c0        -       0x00000048   Zero   RW          545    .bss                stm32f4xx_hal_timebase_tim.o
    0x20000408        -       0x000002dc   Zero   RW          582    .bss                usb_device.o
    0x200006e4        -       0x00000200   Zero   RW          620    .bss                usbd_desc.o
    0x200008e4        -       0x00001000   Zero   RW          704    .bss                usbd_cdc_if.o
    0x200018e4        -       0x00000704   Zero   RW          786    .bss                usbd_conf.o
    0x20001fe8        -       0x00000060   Zero   RW         4937    .bss                c_w.l(libspace.o)
    0x20002048        -       0x00000200   Zero   RW            2    HEAP                startup_stm32f429xx.o
    0x20002248        -       0x00000400   Zero   RW            1    STACK               startup_stm32f429xx.o


==============================================================================

Image component sizes


      Code (inc. data)   RO Data    RW Data    ZI Data      Debug   Object Name

      2716        322         46        100        600     801882   main.o
        64         26        428          0       1536        864   startup_stm32f429xx.o
       116         18          0         12          0       8998   stm32f4xx_hal.o
      1044         34          0          0          0       5662   stm32f4xx_hal_adc.o
         2          0          0          0          0       1021   stm32f4xx_hal_adc_ex.o
       158         14          0          0          0      33158   stm32f4xx_hal_cortex.o
       752         16          8          0          0       4168   stm32f4xx_hal_dma.o
       614         60          0          0          0       3580   stm32f4xx_hal_gpio.o
       620         70          0          0          0       4015   stm32f4xx_hal_msp.o
      2576         12          0          0          0      13844   stm32f4xx_hal_pcd.o
        78          0          0          0          0       2473   stm32f4xx_hal_pcd_ex.o
      1388         76          0          0          0       5914   stm32f4xx_hal_rcc.o
       188          0          0          0          0       1255   stm32f4xx_hal_spi.o
      2720        176          0          0          0      22954   stm32f4xx_hal_tim.o
       232         28          0          0          0       3401   stm32f4xx_hal_tim_ex.o
       152         18          0          0         72       1535   stm32f4xx_hal_timebase_tim.o
       138         54          0          0          0       9730   stm32f4xx_it.o
      2700        116          0          0          0      23824   stm32f4xx_ll_usb.o
        16          4         24          4          0       1187   system_stm32f4xx.o
        84         18          0          0        732        848   usb_device.o
      1278         36          0        139          0      14749   usbd_cdc.o
       152         30          0         20       4096       4222   usbd_cdc_if.o
       642         32          0          0       1796      17344   usbd_conf.o
       924          0          0          0          0      15883   usbd_core.o
      1354         28          0          1          0      15548   usbd_ctlreq.o
       284        100          0         78        512       6365   usbd_desc.o
       132          0          0          0          0       4660   usbd_ioreq.o

    ----------------------------------------------------------------------
     21152       1288        542        360       9344    1029084   Object Totals
         0          0         32          0          0          0   (incl. Generated)
        28          0          4          6          0          0   (incl. Padding)

    ----------------------------------------------------------------------

      Code (inc. data)   RO Data    RW Data    ZI Data      Debug   Library Member Name

        60          8          0          0          0         84   __0sscanf.o
        90          0          0          0          0          0   __dczerorl2.o
         8          0          0          0          0         68   __main.o
       104          0          0          0          0         84   __printf.o
         0          0          0          0          0          0   __rtentry.o
        12          0          0          0          0          0   __rtentry2.o
         6          0          0          0          0          0   __rtentry4.o
        52          8          0          0          0          0   __scatter.o
        28          0          0          0          0          0   __scatter_zi.o
        28          0          0          0          0         68   _chval.o
        48          6          0          0          0         96   _printf_char_common.o
         6          0          0          0          0          0   _printf_d.o
       120         16          0          0          0         92   _printf_dec.o
       178          0          0          0          0         88   _printf_intcommon.o
         0          0          0          0          0          0   _printf_percent.o
         4          0          0          0          0          0   _printf_percent_end.o
       884          4          0          0          0        100   _scanf.o
       332          0          0          0          0         96   _scanf_int.o
       224          0          0          0          0         96   _scanf_str.o
        64          0          0          0          0         84   _sgetc.o
        16          0          0          0          0         68   _snputc.o
        10          0          0          0          0         68   _sputc.o
        18          0          0          0          0         80   exit.o
         6          0          0          0          0        152   heapauxi.o
         0          0          0          0          0          0   indicate_semi.o
        18          0          0          0          0         76   isspace.o
        44         10        272          0          0         76   lc_ctype_c.o
         2          0          0          0          0          0   libinit.o
        24          0          0          0          0          0   libinit2.o
         2          0          0          0          0          0   libshutdown.o
         2          0          0          0          0          0   libshutdown2.o
         8          4          0          0         96         68   libspace.o
       238          0          0          0          0        100   lludivv7m.o
        52          4          0          0          0         84   noretval__2snprintf.o
        16          4          0          0          0         76   rt_ctype_table.o
         8          4          0          0          0         68   rt_locale_intlibspace.o
        68          0          0          0          0         68   rt_memclr.o
        78          0          0          0          0         80   rt_memclr_w.o
       138          0          0          0          0         68   rt_memcpy_v6.o
       100          0          0          0          0         80   rt_memcpy_w.o
         2          0          0          0          0          0   rtexit.o
        10          0          0          0          0          0   rtexit2.o
        44          8          0          0          0         84   scanf_char.o
       128          0          0          0          0         68   strcmpv7m.o
        62          0          0          0          0         76   strlen.o
        12          4          0          0          0         68   sys_exit.o
        74          0          0          0          0         80   sys_stackheap_outer.o
         2          0          0          0          0         68   use_no_semi.o
        10          0          0          0          0        116   fpinit.o

    ----------------------------------------------------------------------
      3458         80        272          0         96       2728   Library Totals
        18          0          0          0          0          0   (incl. Padding)

    ----------------------------------------------------------------------

      Code (inc. data)   RO Data    RW Data    ZI Data      Debug   Library Name

      3430         80        272          0         96       2612   c_w.l
        10          0          0          0          0        116   fz_wm.l

    ----------------------------------------------------------------------
      3458         80        272          0         96       2728   Library Totals

    ----------------------------------------------------------------------

==============================================================================


      Code (inc. data)   RO Data    RW Data    ZI Data      Debug   

     24610       1368        814        360       9440    1006356   Grand Totals
     24610       1368        814        204       9440    1006356   ELF Image Totals (compressed)
     24610       1368        814        204          0          0   ROM Totals

==============================================================================

    Total RO  Size (Code + RO Data)                25424 (  24.83kB)
    Total RW  Size (RW Data + ZI Data)              9800 (   9.57kB)
    Total ROM Size (Code + RO Data + RW Data)      25628 (  25.03kB)

==============================================================================

